append_cflags: checking for whether -std=c99 is accepted as CFLAGS... -------------------- yes

LD_LIBRARY_PATH=.:/home/spiros/.rbenv/versions/3.4.2/lib ASAN_OPTIONS=detect_leaks=0 "gcc -o conftest -I/home/spiros/.rbenv/versions/3.4.2/include/ruby-3.4.0/x86_64-linux -I/home/spiros/.rbenv/versions/3.4.2/include/ruby-3.4.0/ruby/backward -I/home/spiros/.rbenv/versions/3.4.2/include/ruby-3.4.0 -I.    -fstack-protector-strong -U_FORTIFY_SOURCE -D_FORTIFY_SOURCE=2  -O3 -fno-fast-math -ggdb3 -Wall -Wextra -Wdeprecated-declarations -Wdiv-by-zero -Wduplicated-cond -Wimplicit-function-declaration -Wimplicit-int -Wpointer-arith -Wwrite-strings -Wold-style-definition -Wimplicit-fallthrough=0 -Wmissing-noreturn -Wno-cast-function-type -Wno-constant-logical-operand -Wno-long-long -Wno-missing-field-initializers -Wno-overlength-strings -Wno-packed-bitfield-compat -Wno-parentheses-equality -Wno-self-assign -Wno-tautological-compare -Wno-unused-parameter -Wno-unused-value -Wsuggest-attribute=format -Wsuggest-attribute=noreturn -Wunused-variable -Wmisleading-indentation -Wundef  -fPIC conftest.c -L. -L/home/spiros/.rbenv/versions/3.4.2/lib -Wl,-rpath,/home/spiros/.rbenv/versions/3.4.2/lib -L. -fstack-protector-strong -rdynamic -Wl,-export-dynamic -Wl,--no-as-needed     -Wl,-rpath,/home/spiros/.rbenv/versions/3.4.2/lib -L/home/spiros/.rbenv/versions/3.4.2/lib -lruby  -lm -lpthread  -lc"
checked program was:
/* begin */
1: #include "ruby.h"
2: 
3: int main(int argc, char **argv)
4: {
5:   return !!argv[argc];
6: }
/* end */

LD_LIBRARY_PATH=.:/home/spiros/.rbenv/versions/3.4.2/lib ASAN_OPTIONS=detect_leaks=0 "gcc -I/home/spiros/.rbenv/versions/3.4.2/include/ruby-3.4.0/x86_64-linux -I/home/spiros/.rbenv/versions/3.4.2/include/ruby-3.4.0/ruby/backward -I/home/spiros/.rbenv/versions/3.4.2/include/ruby-3.4.0 -I.    -fstack-protector-strong -U_FORTIFY_SOURCE -D_FORTIFY_SOURCE=2  -O3 -fno-fast-math -ggdb3 -Wall -Wextra -Wdeprecated-declarations -Wdiv-by-zero -Wduplicated-cond -Wimplicit-function-declaration -Wimplicit-int -Wpointer-arith -Wwrite-strings -Wold-style-definition -Wimplicit-fallthrough=0 -Wmissing-noreturn -Wno-cast-function-type -Wno-constant-logical-operand -Wno-long-long -Wno-missing-field-initializers -Wno-overlength-strings -Wno-packed-bitfield-compat -Wno-parentheses-equality -Wno-self-assign -Wno-tautological-compare -Wno-unused-parameter -Wno-unused-value -Wsuggest-attribute=format -Wsuggest-attribute=noreturn -Wunused-variable -Wmisleading-indentation -Wundef  -fPIC  -std=c99 -Werror -c conftest.c"
checked program was:
/* begin */
1: #include "ruby.h"
2: 
3: int main(int argc, char **argv)
4: {
5:   return !!argv[argc];
6: }
/* end */

--------------------

append_cflags: checking for whether -Wno-declaration-after-statement is accepted as CFLAGS... -------------------- yes

LD_LIBRARY_PATH=.:/home/spiros/.rbenv/versions/3.4.2/lib ASAN_OPTIONS=detect_leaks=0 "gcc -I/home/spiros/.rbenv/versions/3.4.2/include/ruby-3.4.0/x86_64-linux -I/home/spiros/.rbenv/versions/3.4.2/include/ruby-3.4.0/ruby/backward -I/home/spiros/.rbenv/versions/3.4.2/include/ruby-3.4.0 -I.    -fstack-protector-strong -U_FORTIFY_SOURCE -D_FORTIFY_SOURCE=2  -O3 -fno-fast-math -ggdb3 -Wall -Wextra -Wdeprecated-declarations -Wdiv-by-zero -Wduplicated-cond -Wimplicit-function-declaration -Wimplicit-int -Wpointer-arith -Wwrite-strings -Wold-style-definition -Wimplicit-fallthrough=0 -Wmissing-noreturn -Wno-cast-function-type -Wno-constant-logical-operand -Wno-long-long -Wno-missing-field-initializers -Wno-overlength-strings -Wno-packed-bitfield-compat -Wno-parentheses-equality -Wno-self-assign -Wno-tautological-compare -Wno-unused-parameter -Wno-unused-value -Wsuggest-attribute=format -Wsuggest-attribute=noreturn -Wunused-variable -Wmisleading-indentation -Wundef  -fPIC -std=c99  -Wno-declaration-after-statement -Werror -c conftest.c"
checked program was:
/* begin */
1: #include "ruby.h"
2: 
3: int main(int argc, char **argv)
4: {
5:   return !!argv[argc];
6: }
/* end */

--------------------

append_cflags: checking for whether -O2 is accepted as CFLAGS... -------------------- yes

LD_LIBRARY_PATH=.:/home/spiros/.rbenv/versions/3.4.2/lib ASAN_OPTIONS=detect_leaks=0 "gcc -I/home/spiros/.rbenv/versions/3.4.2/include/ruby-3.4.0/x86_64-linux -I/home/spiros/.rbenv/versions/3.4.2/include/ruby-3.4.0/ruby/backward -I/home/spiros/.rbenv/versions/3.4.2/include/ruby-3.4.0 -I.    -fstack-protector-strong -U_FORTIFY_SOURCE -D_FORTIFY_SOURCE=2  -O3 -fno-fast-math -ggdb3 -Wall -Wextra -Wdeprecated-declarations -Wdiv-by-zero -Wduplicated-cond -Wimplicit-function-declaration -Wimplicit-int -Wpointer-arith -Wwrite-strings -Wold-style-definition -Wimplicit-fallthrough=0 -Wmissing-noreturn -Wno-cast-function-type -Wno-constant-logical-operand -Wno-long-long -Wno-missing-field-initializers -Wno-overlength-strings -Wno-packed-bitfield-compat -Wno-parentheses-equality -Wno-self-assign -Wno-tautological-compare -Wno-unused-parameter -Wno-unused-value -Wsuggest-attribute=format -Wsuggest-attribute=noreturn -Wunused-variable -Wmisleading-indentation -Wundef  -fPIC -std=c99 -Wno-declaration-after-statement  -O2 -Werror -c conftest.c"
checked program was:
/* begin */
1: #include "ruby.h"
2: 
3: int main(int argc, char **argv)
4: {
5:   return !!argv[argc];
6: }
/* end */

--------------------

append_cflags: checking for whether -g is accepted as CFLAGS... -------------------- yes

LD_LIBRARY_PATH=.:/home/spiros/.rbenv/versions/3.4.2/lib ASAN_OPTIONS=detect_leaks=0 "gcc -I/home/spiros/.rbenv/versions/3.4.2/include/ruby-3.4.0/x86_64-linux -I/home/spiros/.rbenv/versions/3.4.2/include/ruby-3.4.0/ruby/backward -I/home/spiros/.rbenv/versions/3.4.2/include/ruby-3.4.0 -I.    -fstack-protector-strong -U_FORTIFY_SOURCE -D_FORTIFY_SOURCE=2  -O3 -fno-fast-math -ggdb3 -Wall -Wextra -Wdeprecated-declarations -Wdiv-by-zero -Wduplicated-cond -Wimplicit-function-declaration -Wimplicit-int -Wpointer-arith -Wwrite-strings -Wold-style-definition -Wimplicit-fallthrough=0 -Wmissing-noreturn -Wno-cast-function-type -Wno-constant-logical-operand -Wno-long-long -Wno-missing-field-initializers -Wno-overlength-strings -Wno-packed-bitfield-compat -Wno-parentheses-equality -Wno-self-assign -Wno-tautological-compare -Wno-unused-parameter -Wno-unused-value -Wsuggest-attribute=format -Wsuggest-attribute=noreturn -Wunused-variable -Wmisleading-indentation -Wundef  -fPIC -std=c99 -Wno-declaration-after-statement -O2  -g -Werror -c conftest.c"
checked program was:
/* begin */
1: #include "ruby.h"
2: 
3: int main(int argc, char **argv)
4: {
5:   return !!argv[argc];
6: }
/* end */

--------------------

append_cflags: checking for whether -Winline is accepted as CFLAGS... -------------------- yes

LD_LIBRARY_PATH=.:/home/spiros/.rbenv/versions/3.4.2/lib ASAN_OPTIONS=detect_leaks=0 "gcc -I/home/spiros/.rbenv/versions/3.4.2/include/ruby-3.4.0/x86_64-linux -I/home/spiros/.rbenv/versions/3.4.2/include/ruby-3.4.0/ruby/backward -I/home/spiros/.rbenv/versions/3.4.2/include/ruby-3.4.0 -I.    -fstack-protector-strong -U_FORTIFY_SOURCE -D_FORTIFY_SOURCE=2  -O3 -fno-fast-math -ggdb3 -Wall -Wextra -Wdeprecated-declarations -Wdiv-by-zero -Wduplicated-cond -Wimplicit-function-declaration -Wimplicit-int -Wpointer-arith -Wwrite-strings -Wold-style-definition -Wimplicit-fallthrough=0 -Wmissing-noreturn -Wno-cast-function-type -Wno-constant-logical-operand -Wno-long-long -Wno-missing-field-initializers -Wno-overlength-strings -Wno-packed-bitfield-compat -Wno-parentheses-equality -Wno-self-assign -Wno-tautological-compare -Wno-unused-parameter -Wno-unused-value -Wsuggest-attribute=format -Wsuggest-attribute=noreturn -Wunused-variable -Wmisleading-indentation -Wundef  -fPIC -std=c99 -Wno-declaration-after-statement -O2 -g  -Winline -Werror -c conftest.c"
checked program was:
/* begin */
1: #include "ruby.h"
2: 
3: int main(int argc, char **argv)
4: {
5:   return !!argv[argc];
6: }
/* end */

--------------------

append_cflags: checking for whether -Wmissing-noreturn is accepted as CFLAGS... -------------------- yes

LD_LIBRARY_PATH=.:/home/spiros/.rbenv/versions/3.4.2/lib ASAN_OPTIONS=detect_leaks=0 "gcc -I/home/spiros/.rbenv/versions/3.4.2/include/ruby-3.4.0/x86_64-linux -I/home/spiros/.rbenv/versions/3.4.2/include/ruby-3.4.0/ruby/backward -I/home/spiros/.rbenv/versions/3.4.2/include/ruby-3.4.0 -I.    -fstack-protector-strong -U_FORTIFY_SOURCE -D_FORTIFY_SOURCE=2  -O3 -fno-fast-math -ggdb3 -Wall -Wextra -Wdeprecated-declarations -Wdiv-by-zero -Wduplicated-cond -Wimplicit-function-declaration -Wimplicit-int -Wpointer-arith -Wwrite-strings -Wold-style-definition -Wimplicit-fallthrough=0 -Wmissing-noreturn -Wno-cast-function-type -Wno-constant-logical-operand -Wno-long-long -Wno-missing-field-initializers -Wno-overlength-strings -Wno-packed-bitfield-compat -Wno-parentheses-equality -Wno-self-assign -Wno-tautological-compare -Wno-unused-parameter -Wno-unused-value -Wsuggest-attribute=format -Wsuggest-attribute=noreturn -Wunused-variable -Wmisleading-indentation -Wundef  -fPIC -std=c99 -Wno-declaration-after-statement -O2 -g -Winline  -Wmissing-noreturn -Werror -c conftest.c"
checked program was:
/* begin */
1: #include "ruby.h"
2: 
3: int main(int argc, char **argv)
4: {
5:   return !!argv[argc];
6: }
/* end */

--------------------

append_cflags: checking for whether -Wconversion is accepted as CFLAGS... -------------------- yes

LD_LIBRARY_PATH=.:/home/spiros/.rbenv/versions/3.4.2/lib ASAN_OPTIONS=detect_leaks=0 "gcc -I/home/spiros/.rbenv/versions/3.4.2/include/ruby-3.4.0/x86_64-linux -I/home/spiros/.rbenv/versions/3.4.2/include/ruby-3.4.0/ruby/backward -I/home/spiros/.rbenv/versions/3.4.2/include/ruby-3.4.0 -I.    -fstack-protector-strong -U_FORTIFY_SOURCE -D_FORTIFY_SOURCE=2  -O3 -fno-fast-math -ggdb3 -Wall -Wextra -Wdeprecated-declarations -Wdiv-by-zero -Wduplicated-cond -Wimplicit-function-declaration -Wimplicit-int -Wpointer-arith -Wwrite-strings -Wold-style-definition -Wimplicit-fallthrough=0 -Wmissing-noreturn -Wno-cast-function-type -Wno-constant-logical-operand -Wno-long-long -Wno-missing-field-initializers -Wno-overlength-strings -Wno-packed-bitfield-compat -Wno-parentheses-equality -Wno-self-assign -Wno-tautological-compare -Wno-unused-parameter -Wno-unused-value -Wsuggest-attribute=format -Wsuggest-attribute=noreturn -Wunused-variable -Wmisleading-indentation -Wundef  -fPIC -std=c99 -Wno-declaration-after-statement -O2 -g -Winline -Wmissing-noreturn  -Wconversion -Werror -c conftest.c"
checked program was:
/* begin */
1: #include "ruby.h"
2: 
3: int main(int argc, char **argv)
4: {
5:   return !!argv[argc];
6: }
/* end */

--------------------

try_link_iconv: checking for iconv... -------------------- yes

LD_LIBRARY_PATH=.:/home/spiros/.rbenv/versions/3.4.2/lib ASAN_OPTIONS=detect_leaks=0 "gcc -o conftest -I/home/spiros/.rbenv/versions/3.4.2/include/ruby-3.4.0/x86_64-linux -I/home/spiros/.rbenv/versions/3.4.2/include/ruby-3.4.0/ruby/backward -I/home/spiros/.rbenv/versions/3.4.2/include/ruby-3.4.0 -I.    -fstack-protector-strong -U_FORTIFY_SOURCE -D_FORTIFY_SOURCE=2  -O3 -fno-fast-math -ggdb3 -Wall -Wextra -Wdeprecated-declarations -Wdiv-by-zero -Wduplicated-cond -Wimplicit-function-declaration -Wimplicit-int -Wpointer-arith -Wwrite-strings -Wold-style-definition -Wimplicit-fallthrough=0 -Wmissing-noreturn -Wno-cast-function-type -Wno-constant-logical-operand -Wno-long-long -Wno-missing-field-initializers -Wno-overlength-strings -Wno-packed-bitfield-compat -Wno-parentheses-equality -Wno-self-assign -Wno-tautological-compare -Wno-unused-parameter -Wno-unused-value -Wsuggest-attribute=format -Wsuggest-attribute=noreturn -Wunused-variable -Wmisleading-indentation -Wundef  -fPIC -std=c99 -Wno-declaration-after-statement -O2 -g -Winline -Wmissing-noreturn -Wconversion conftest.c -L. -L/home/spiros/.rbenv/versions/3.4.2/lib -Wl,-rpath,/home/spiros/.rbenv/versions/3.4.2/lib -L. -fstack-protector-strong -rdynamic -Wl,-export-dynamic -Wl,--no-as-needed     -Wl,-rpath,/home/spiros/.rbenv/versions/3.4.2/lib -L/home/spiros/.rbenv/versions/3.4.2/lib -lruby  -lm -lpthread  -lc"
checked program was:
/* begin */
 1: #include "ruby.h"
 2: 
 3: #include <stdlib.h>
 4: #include <iconv.h>
 5: int main(void)
 6: {
 7:     iconv_t cd = iconv_open("", "");
 8:     iconv(cd, NULL, NULL, NULL, NULL);
 9:     return EXIT_SUCCESS;
10: }
/* end */

--------------------

append_cppflags: checking for whether -DNOKOGIRI_PACKAGED_LIBRARIES is accepted as CPPFLAGS... -------------------- yes

LD_LIBRARY_PATH=.:/home/spiros/.rbenv/versions/3.4.2/lib ASAN_OPTIONS=detect_leaks=0 "gcc -I/home/spiros/.rbenv/versions/3.4.2/include/ruby-3.4.0/x86_64-linux -I/home/spiros/.rbenv/versions/3.4.2/include/ruby-3.4.0/ruby/backward -I/home/spiros/.rbenv/versions/3.4.2/include/ruby-3.4.0 -I.    -fstack-protector-strong -U_FORTIFY_SOURCE -D_FORTIFY_SOURCE=2  -O3 -fno-fast-math -ggdb3 -Wall -Wextra -Wdeprecated-declarations -Wdiv-by-zero -Wduplicated-cond -Wimplicit-function-declaration -Wimplicit-int -Wpointer-arith -Wwrite-strings -Wold-style-definition -Wimplicit-fallthrough=0 -Wmissing-noreturn -Wno-cast-function-type -Wno-constant-logical-operand -Wno-long-long -Wno-missing-field-initializers -Wno-overlength-strings -Wno-packed-bitfield-compat -Wno-parentheses-equality -Wno-self-assign -Wno-tautological-compare -Wno-unused-parameter -Wno-unused-value -Wsuggest-attribute=format -Wsuggest-attribute=noreturn -Wunused-variable -Wmisleading-indentation -Wundef  -fPIC -std=c99 -Wno-declaration-after-statement -O2 -g -Winline -Wmissing-noreturn -Wconversion  -DNOKOGIRI_PACKAGED_LIBRARIES -Werror -c conftest.c"
checked program was:
/* begin */
1: #include "ruby.h"
2: 
3: int main(int argc, char **argv)
4: {
5:   return !!argv[argc];
6: }
/* end */

--------------------

append_cppflags: checking for whether -DNOKOGIRI_LIBXML2_PATCHES="\"0001-Remove-script-macro-support.patch 0002-Update-entities-to-remove-handling-of-ssi.patch 0009-allow-wildcard-namespaces.patch 0010-update-config.guess-and-config.sub-for-libxml2.patch 0011-rip-out-libxml2-s-libc_single_threaded-support.patch 0019-xpath-Use-separate-static-hash-table-for-standard-fu.patch\"" is accepted as CPPFLAGS... -------------------- yes

LD_LIBRARY_PATH=.:/home/spiros/.rbenv/versions/3.4.2/lib ASAN_OPTIONS=detect_leaks=0 "gcc -I/home/spiros/.rbenv/versions/3.4.2/include/ruby-3.4.0/x86_64-linux -I/home/spiros/.rbenv/versions/3.4.2/include/ruby-3.4.0/ruby/backward -I/home/spiros/.rbenv/versions/3.4.2/include/ruby-3.4.0 -I. -I/home/spiros/Git_projects/pibookspiros/site/vendor/bundle/ruby/3.4.0/gems/nokogiri-1.18.10/ports/x86_64-linux/libxml2/2.13.9/include/libxml2    -DNOKOGIRI_PACKAGED_LIBRARIES -fstack-protector-strong -U_FORTIFY_SOURCE -D_FORTIFY_SOURCE=2  -O3 -fno-fast-math -ggdb3 -Wall -Wextra -Wdeprecated-declarations -Wdiv-by-zero -Wduplicated-cond -Wimplicit-function-declaration -Wimplicit-int -Wpointer-arith -Wwrite-strings -Wold-style-definition -Wimplicit-fallthrough=0 -Wmissing-noreturn -Wno-cast-function-type -Wno-constant-logical-operand -Wno-long-long -Wno-missing-field-initializers -Wno-overlength-strings -Wno-packed-bitfield-compat -Wno-parentheses-equality -Wno-self-assign -Wno-tautological-compare -Wno-unused-parameter -Wno-unused-value -Wsuggest-attribute=format -Wsuggest-attribute=noreturn -Wunused-variable -Wmisleading-indentation -Wundef  -fPIC -std=c99 -Wno-declaration-after-statement -O2 -g -Winline -Wmissing-noreturn -Wconversion  -DNOKOGIRI_LIBXML2_PATCHES="\"0001-Remove-script-macro-support.patch 0002-Update-entities-to-remove-handling-of-ssi.patch 0009-allow-wildcard-namespaces.patch 0010-update-config.guess-and-config.sub-for-libxml2.patch 0011-rip-out-libxml2-s-libc_single_threaded-support.patch 0019-xpath-Use-separate-static-hash-table-for-standard-fu.patch\"" -Werror -c conftest.c"
checked program was:
/* begin */
1: #include "ruby.h"
2: 
3: int main(int argc, char **argv)
4: {
5:   return !!argv[argc];
6: }
/* end */

--------------------

have_library: checking for -llzma... -------------------- no

LD_LIBRARY_PATH=.:/home/spiros/.rbenv/versions/3.4.2/lib ASAN_OPTIONS=detect_leaks=0 "gcc -o conftest -I/home/spiros/.rbenv/versions/3.4.2/include/ruby-3.4.0/x86_64-linux -I/home/spiros/.rbenv/versions/3.4.2/include/ruby-3.4.0/ruby/backward -I/home/spiros/.rbenv/versions/3.4.2/include/ruby-3.4.0 -I. -I/home/spiros/Git_projects/pibookspiros/site/vendor/bundle/ruby/3.4.0/gems/nokogiri-1.18.10/ports/x86_64-linux/libxml2/2.13.9/include/libxml2    -DNOKOGIRI_PACKAGED_LIBRARIES -DNOKOGIRI_LIBXML2_PATCHES="\"0001-Remove-script-macro-support.patch 0002-Update-entities-to-remove-handling-of-ssi.patch 0009-allow-wildcard-namespaces.patch 0010-update-config.guess-and-config.sub-for-libxml2.patch 0011-rip-out-libxml2-s-libc_single_threaded-support.patch 0019-xpath-Use-separate-static-hash-table-for-standard-fu.patch\"" -fstack-protector-strong -U_FORTIFY_SOURCE -D_FORTIFY_SOURCE=2  -O3 -fno-fast-math -ggdb3 -Wall -Wextra -Wdeprecated-declarations -Wdiv-by-zero -Wduplicated-cond -Wimplicit-function-declaration -Wimplicit-int -Wpointer-arith -Wwrite-strings -Wold-style-definition -Wimplicit-fallthrough=0 -Wmissing-noreturn -Wno-cast-function-type -Wno-constant-logical-operand -Wno-long-long -Wno-missing-field-initializers -Wno-overlength-strings -Wno-packed-bitfield-compat -Wno-parentheses-equality -Wno-self-assign -Wno-tautological-compare -Wno-unused-parameter -Wno-unused-value -Wsuggest-attribute=format -Wsuggest-attribute=noreturn -Wunused-variable -Wmisleading-indentation -Wundef  -fPIC -std=c99 -Wno-declaration-after-statement -O2 -g -Winline -Wmissing-noreturn -Wconversion conftest.c -L. -L/home/spiros/.rbenv/versions/3.4.2/lib -Wl,-rpath,/home/spiros/.rbenv/versions/3.4.2/lib -L/home/spiros/Git_projects/pibookspiros/site/vendor/bundle/ruby/3.4.0/gems/nokogiri-1.18.10/ports/x86_64-linux/libxml2/2.13.9/lib -Wl,-rpath,/home/spiros/Git_projects/pibookspiros/site/vendor/bundle/ruby/3.4.0/gems/nokogiri-1.18.10/ports/x86_64-linux/libxml2/2.13.9/lib -L. -fstack-protector-strong -rdynamic -Wl,-export-dynamic -Wl,--no-as-needed     -Wl,-rpath,/home/spiros/.rbenv/versions/3.4.2/lib -L/home/spiros/.rbenv/versions/3.4.2/lib -lruby -llzma  -lm -lpthread  -lc"
/usr/bin/ld: cannot find -llzma: Δεν υπάρχει τέτοιο αρχείο ή κατάλογος
collect2: error: ld returned 1 exit status
checked program was:
/* begin */
 1: #include "ruby.h"
 2: 
 3: /*top*/
 4: extern int t(void);
 5: int main(int argc, char **argv)
 6: {
 7:   if (argc > 1000000) {
 8:     int (* volatile tp)(void)=(int (*)(void))&t;
 9:     printf("%d", (*tp)());
10:   }
11: 
12:   return !!argv[argc];
13: }
14: 
15: int t(void) { ; return 0; }
/* end */

--------------------

have_library: checking for -lliblzma... -------------------- no

LD_LIBRARY_PATH=.:/home/spiros/.rbenv/versions/3.4.2/lib ASAN_OPTIONS=detect_leaks=0 "gcc -o conftest -I/home/spiros/.rbenv/versions/3.4.2/include/ruby-3.4.0/x86_64-linux -I/home/spiros/.rbenv/versions/3.4.2/include/ruby-3.4.0/ruby/backward -I/home/spiros/.rbenv/versions/3.4.2/include/ruby-3.4.0 -I. -I/home/spiros/Git_projects/pibookspiros/site/vendor/bundle/ruby/3.4.0/gems/nokogiri-1.18.10/ports/x86_64-linux/libxml2/2.13.9/include/libxml2    -DNOKOGIRI_PACKAGED_LIBRARIES -DNOKOGIRI_LIBXML2_PATCHES="\"0001-Remove-script-macro-support.patch 0002-Update-entities-to-remove-handling-of-ssi.patch 0009-allow-wildcard-namespaces.patch 0010-update-config.guess-and-config.sub-for-libxml2.patch 0011-rip-out-libxml2-s-libc_single_threaded-support.patch 0019-xpath-Use-separate-static-hash-table-for-standard-fu.patch\"" -fstack-protector-strong -U_FORTIFY_SOURCE -D_FORTIFY_SOURCE=2  -O3 -fno-fast-math -ggdb3 -Wall -Wextra -Wdeprecated-declarations -Wdiv-by-zero -Wduplicated-cond -Wimplicit-function-declaration -Wimplicit-int -Wpointer-arith -Wwrite-strings -Wold-style-definition -Wimplicit-fallthrough=0 -Wmissing-noreturn -Wno-cast-function-type -Wno-constant-logical-operand -Wno-long-long -Wno-missing-field-initializers -Wno-overlength-strings -Wno-packed-bitfield-compat -Wno-parentheses-equality -Wno-self-assign -Wno-tautological-compare -Wno-unused-parameter -Wno-unused-value -Wsuggest-attribute=format -Wsuggest-attribute=noreturn -Wunused-variable -Wmisleading-indentation -Wundef  -fPIC -std=c99 -Wno-declaration-after-statement -O2 -g -Winline -Wmissing-noreturn -Wconversion conftest.c -L. -L/home/spiros/.rbenv/versions/3.4.2/lib -Wl,-rpath,/home/spiros/.rbenv/versions/3.4.2/lib -L/home/spiros/Git_projects/pibookspiros/site/vendor/bundle/ruby/3.4.0/gems/nokogiri-1.18.10/ports/x86_64-linux/libxml2/2.13.9/lib -Wl,-rpath,/home/spiros/Git_projects/pibookspiros/site/vendor/bundle/ruby/3.4.0/gems/nokogiri-1.18.10/ports/x86_64-linux/libxml2/2.13.9/lib -L. -fstack-protector-strong -rdynamic -Wl,-export-dynamic -Wl,--no-as-needed     -Wl,-rpath,/home/spiros/.rbenv/versions/3.4.2/lib -L/home/spiros/.rbenv/versions/3.4.2/lib -lruby -lliblzma  -lm -lpthread  -lc"
/usr/bin/ld: cannot find -lliblzma: Δεν υπάρχει τέτοιο αρχείο ή κατάλογος
collect2: error: ld returned 1 exit status
checked program was:
/* begin */
 1: #include "ruby.h"
 2: 
 3: /*top*/
 4: extern int t(void);
 5: int main(int argc, char **argv)
 6: {
 7:   if (argc > 1000000) {
 8:     int (* volatile tp)(void)=(int (*)(void))&t;
 9:     printf("%d", (*tp)());
10:   }
11: 
12:   return !!argv[argc];
13: }
14: 
15: int t(void) { ; return 0; }
/* end */

--------------------

append_cppflags: checking for whether -DNOKOGIRI_LIBXSLT_PATCHES="\"0001-update-config.guess-and-config.sub-for-libxslt.patch\"" is accepted as CPPFLAGS... -------------------- yes

LD_LIBRARY_PATH=.:/home/spiros/.rbenv/versions/3.4.2/lib ASAN_OPTIONS=detect_leaks=0 "gcc -I/home/spiros/.rbenv/versions/3.4.2/include/ruby-3.4.0/x86_64-linux -I/home/spiros/.rbenv/versions/3.4.2/include/ruby-3.4.0/ruby/backward -I/home/spiros/.rbenv/versions/3.4.2/include/ruby-3.4.0 -I. -I/home/spiros/Git_projects/pibookspiros/site/vendor/bundle/ruby/3.4.0/gems/nokogiri-1.18.10/ports/x86_64-linux/libxml2/2.13.9/include/libxml2 -I/home/spiros/Git_projects/pibookspiros/site/vendor/bundle/ruby/3.4.0/gems/nokogiri-1.18.10/ports/x86_64-linux/libxslt/1.1.43/include -I/home/spiros/Git_projects/pibookspiros/site/vendor/bundle/ruby/3.4.0/gems/nokogiri-1.18.10/ports/x86_64-linux/libxml2/2.13.9/include/libxml2    -DNOKOGIRI_PACKAGED_LIBRARIES -DNOKOGIRI_LIBXML2_PATCHES="\"0001-Remove-script-macro-support.patch 0002-Update-entities-to-remove-handling-of-ssi.patch 0009-allow-wildcard-namespaces.patch 0010-update-config.guess-and-config.sub-for-libxml2.patch 0011-rip-out-libxml2-s-libc_single_threaded-support.patch 0019-xpath-Use-separate-static-hash-table-for-standard-fu.patch\"" -fstack-protector-strong -U_FORTIFY_SOURCE -D_FORTIFY_SOURCE=2  -O3 -fno-fast-math -ggdb3 -Wall -Wextra -Wdeprecated-declarations -Wdiv-by-zero -Wduplicated-cond -Wimplicit-function-declaration -Wimplicit-int -Wpointer-arith -Wwrite-strings -Wold-style-definition -Wimplicit-fallthrough=0 -Wmissing-noreturn -Wno-cast-function-type -Wno-constant-logical-operand -Wno-long-long -Wno-missing-field-initializers -Wno-overlength-strings -Wno-packed-bitfield-compat -Wno-parentheses-equality -Wno-self-assign -Wno-tautological-compare -Wno-unused-parameter -Wno-unused-value -Wsuggest-attribute=format -Wsuggest-attribute=noreturn -Wunused-variable -Wmisleading-indentation -Wundef  -fPIC -std=c99 -Wno-declaration-after-statement -O2 -g -Winline -Wmissing-noreturn -Wconversion  -DNOKOGIRI_LIBXSLT_PATCHES="\"0001-update-config.guess-and-config.sub-for-libxslt.patch\"" -Werror -c conftest.c"
checked program was:
/* begin */
1: #include "ruby.h"
2: 
3: int main(int argc, char **argv)
4: {
5:   return !!argv[argc];
6: }
/* end */

--------------------

have_func: checking for xmlParseDoc() in libxml/parser.h... -------------------- yes

LD_LIBRARY_PATH=.:/home/spiros/.rbenv/versions/3.4.2/lib ASAN_OPTIONS=detect_leaks=0 "gcc -o conftest -I/home/spiros/.rbenv/versions/3.4.2/include/ruby-3.4.0/x86_64-linux -I/home/spiros/.rbenv/versions/3.4.2/include/ruby-3.4.0/ruby/backward -I/home/spiros/.rbenv/versions/3.4.2/include/ruby-3.4.0 -I. -I/home/spiros/Git_projects/pibookspiros/site/vendor/bundle/ruby/3.4.0/gems/nokogiri-1.18.10/ports/x86_64-linux/libxml2/2.13.9/include/libxml2 -I/home/spiros/Git_projects/pibookspiros/site/vendor/bundle/ruby/3.4.0/gems/nokogiri-1.18.10/ports/x86_64-linux/libxslt/1.1.43/include -I/home/spiros/Git_projects/pibookspiros/site/vendor/bundle/ruby/3.4.0/gems/nokogiri-1.18.10/ports/x86_64-linux/libxml2/2.13.9/include/libxml2    -DNOKOGIRI_PACKAGED_LIBRARIES -DNOKOGIRI_LIBXML2_PATCHES="\"0001-Remove-script-macro-support.patch 0002-Update-entities-to-remove-handling-of-ssi.patch 0009-allow-wildcard-namespaces.patch 0010-update-config.guess-and-config.sub-for-libxml2.patch 0011-rip-out-libxml2-s-libc_single_threaded-support.patch 0019-xpath-Use-separate-static-hash-table-for-standard-fu.patch\"" -DNOKOGIRI_LIBXSLT_PATCHES="\"0001-update-config.guess-and-config.sub-for-libxslt.patch\"" -fstack-protector-strong -U_FORTIFY_SOURCE -D_FORTIFY_SOURCE=2  -O3 -fno-fast-math -ggdb3 -Wall -Wextra -Wdeprecated-declarations -Wdiv-by-zero -Wduplicated-cond -Wimplicit-function-declaration -Wimplicit-int -Wpointer-arith -Wwrite-strings -Wold-style-definition -Wimplicit-fallthrough=0 -Wmissing-noreturn -Wno-cast-function-type -Wno-constant-logical-operand -Wno-long-long -Wno-missing-field-initializers -Wno-overlength-strings -Wno-packed-bitfield-compat -Wno-parentheses-equality -Wno-self-assign -Wno-tautological-compare -Wno-unused-parameter -Wno-unused-value -Wsuggest-attribute=format -Wsuggest-attribute=noreturn -Wunused-variable -Wmisleading-indentation -Wundef  -fPIC -std=c99 -Wno-declaration-after-statement -O2 -g -Winline -Wmissing-noreturn -Wconversion conftest.c -L. -L/home/spiros/.rbenv/versions/3.4.2/lib -Wl,-rpath,/home/spiros/.rbenv/versions/3.4.2/lib -L/home/spiros/Git_projects/pibookspiros/site/vendor/bundle/ruby/3.4.0/gems/nokogiri-1.18.10/ports/x86_64-linux/libxml2/2.13.9/lib -Wl,-rpath,/home/spiros/Git_projects/pibookspiros/site/vendor/bundle/ruby/3.4.0/gems/nokogiri-1.18.10/ports/x86_64-linux/libxml2/2.13.9/lib -L/home/spiros/Git_projects/pibookspiros/site/vendor/bundle/ruby/3.4.0/gems/nokogiri-1.18.10/ports/x86_64-linux/libxslt/1.1.43/lib -Wl,-rpath,/home/spiros/Git_projects/pibookspiros/site/vendor/bundle/ruby/3.4.0/gems/nokogiri-1.18.10/ports/x86_64-linux/libxslt/1.1.43/lib -L. -fstack-protector-strong -rdynamic -Wl,-export-dynamic -Wl,--no-as-needed    /home/spiros/Git_projects/pibookspiros/site/vendor/bundle/ruby/3.4.0/gems/nokogiri-1.18.10/ports/x86_64-linux/libxslt/1.1.43/lib/libexslt.a -lm -lz /home/spiros/Git_projects/pibookspiros/site/vendor/bundle/ruby/3.4.0/gems/nokogiri-1.18.10/ports/x86_64-linux/libxml2/2.13.9/lib/libxml2.a /home/spiros/Git_projects/pibookspiros/site/vendor/bundle/ruby/3.4.0/gems/nokogiri-1.18.10/ports/x86_64-linux/libxslt/1.1.43/lib/libxslt.a -lm -lz /home/spiros/Git_projects/pibookspiros/site/vendor/bundle/ruby/3.4.0/gems/nokogiri-1.18.10/ports/x86_64-linux/libxml2/2.13.9/lib/libxml2.a -Wl,-rpath,/home/spiros/.rbenv/versions/3.4.2/lib -L/home/spiros/.rbenv/versions/3.4.2/lib -lruby /home/spiros/Git_projects/pibookspiros/site/vendor/bundle/ruby/3.4.0/gems/nokogiri-1.18.10/ports/x86_64-linux/libxslt/1.1.43/lib/libexslt.a -lm -lz /home/spiros/Git_projects/pibookspiros/site/vendor/bundle/ruby/3.4.0/gems/nokogiri-1.18.10/ports/x86_64-linux/libxml2/2.13.9/lib/libxml2.a /home/spiros/Git_projects/pibookspiros/site/vendor/bundle/ruby/3.4.0/gems/nokogiri-1.18.10/ports/x86_64-linux/libxslt/1.1.43/lib/libxslt.a -lm -lz /home/spiros/Git_projects/pibookspiros/site/vendor/bundle/ruby/3.4.0/gems/nokogiri-1.18.10/ports/x86_64-linux/libxml2/2.13.9/lib/libxml2.a -lm -lpthread  -lc"
checked program was:
/* begin */
 1: #include "ruby.h"
 2: 
 3: #include <libxml/parser.h>
 4: 
 5: /*top*/
 6: extern int t(void);
 7: int main(int argc, char **argv)
 8: {
 9:   if (argc > 1000000) {
10:     int (* volatile tp)(void)=(int (*)(void))&t;
11:     printf("%d", (*tp)());
12:   }
13: 
14:   return !!argv[argc];
15: }
16: int t(void) { void ((*volatile p)()); p = (void ((*)()))xmlParseDoc; return !p; }
/* end */

--------------------

have_func: checking for xsltParseStylesheetDoc() in libxslt/xslt.h... -------------------- yes

LD_LIBRARY_PATH=.:/home/spiros/.rbenv/versions/3.4.2/lib ASAN_OPTIONS=detect_leaks=0 "gcc -o conftest -I/home/spiros/.rbenv/versions/3.4.2/include/ruby-3.4.0/x86_64-linux -I/home/spiros/.rbenv/versions/3.4.2/include/ruby-3.4.0/ruby/backward -I/home/spiros/.rbenv/versions/3.4.2/include/ruby-3.4.0 -I. -I/home/spiros/Git_projects/pibookspiros/site/vendor/bundle/ruby/3.4.0/gems/nokogiri-1.18.10/ports/x86_64-linux/libxml2/2.13.9/include/libxml2 -I/home/spiros/Git_projects/pibookspiros/site/vendor/bundle/ruby/3.4.0/gems/nokogiri-1.18.10/ports/x86_64-linux/libxslt/1.1.43/include -I/home/spiros/Git_projects/pibookspiros/site/vendor/bundle/ruby/3.4.0/gems/nokogiri-1.18.10/ports/x86_64-linux/libxml2/2.13.9/include/libxml2    -DNOKOGIRI_PACKAGED_LIBRARIES -DNOKOGIRI_LIBXML2_PATCHES="\"0001-Remove-script-macro-support.patch 0002-Update-entities-to-remove-handling-of-ssi.patch 0009-allow-wildcard-namespaces.patch 0010-update-config.guess-and-config.sub-for-libxml2.patch 0011-rip-out-libxml2-s-libc_single_threaded-support.patch 0019-xpath-Use-separate-static-hash-table-for-standard-fu.patch\"" -DNOKOGIRI_LIBXSLT_PATCHES="\"0001-update-config.guess-and-config.sub-for-libxslt.patch\"" -fstack-protector-strong -U_FORTIFY_SOURCE -D_FORTIFY_SOURCE=2  -O3 -fno-fast-math -ggdb3 -Wall -Wextra -Wdeprecated-declarations -Wdiv-by-zero -Wduplicated-cond -Wimplicit-function-declaration -Wimplicit-int -Wpointer-arith -Wwrite-strings -Wold-style-definition -Wimplicit-fallthrough=0 -Wmissing-noreturn -Wno-cast-function-type -Wno-constant-logical-operand -Wno-long-long -Wno-missing-field-initializers -Wno-overlength-strings -Wno-packed-bitfield-compat -Wno-parentheses-equality -Wno-self-assign -Wno-tautological-compare -Wno-unused-parameter -Wno-unused-value -Wsuggest-attribute=format -Wsuggest-attribute=noreturn -Wunused-variable -Wmisleading-indentation -Wundef  -fPIC -std=c99 -Wno-declaration-after-statement -O2 -g -Winline -Wmissing-noreturn -Wconversion conftest.c -L. -L/home/spiros/.rbenv/versions/3.4.2/lib -Wl,-rpath,/home/spiros/.rbenv/versions/3.4.2/lib -L/home/spiros/Git_projects/pibookspiros/site/vendor/bundle/ruby/3.4.0/gems/nokogiri-1.18.10/ports/x86_64-linux/libxml2/2.13.9/lib -Wl,-rpath,/home/spiros/Git_projects/pibookspiros/site/vendor/bundle/ruby/3.4.0/gems/nokogiri-1.18.10/ports/x86_64-linux/libxml2/2.13.9/lib -L/home/spiros/Git_projects/pibookspiros/site/vendor/bundle/ruby/3.4.0/gems/nokogiri-1.18.10/ports/x86_64-linux/libxslt/1.1.43/lib -Wl,-rpath,/home/spiros/Git_projects/pibookspiros/site/vendor/bundle/ruby/3.4.0/gems/nokogiri-1.18.10/ports/x86_64-linux/libxslt/1.1.43/lib -L. -fstack-protector-strong -rdynamic -Wl,-export-dynamic -Wl,--no-as-needed    /home/spiros/Git_projects/pibookspiros/site/vendor/bundle/ruby/3.4.0/gems/nokogiri-1.18.10/ports/x86_64-linux/libxslt/1.1.43/lib/libexslt.a -lm -lz /home/spiros/Git_projects/pibookspiros/site/vendor/bundle/ruby/3.4.0/gems/nokogiri-1.18.10/ports/x86_64-linux/libxml2/2.13.9/lib/libxml2.a /home/spiros/Git_projects/pibookspiros/site/vendor/bundle/ruby/3.4.0/gems/nokogiri-1.18.10/ports/x86_64-linux/libxslt/1.1.43/lib/libxslt.a -lm -lz /home/spiros/Git_projects/pibookspiros/site/vendor/bundle/ruby/3.4.0/gems/nokogiri-1.18.10/ports/x86_64-linux/libxml2/2.13.9/lib/libxml2.a -Wl,-rpath,/home/spiros/.rbenv/versions/3.4.2/lib -L/home/spiros/.rbenv/versions/3.4.2/lib -lruby /home/spiros/Git_projects/pibookspiros/site/vendor/bundle/ruby/3.4.0/gems/nokogiri-1.18.10/ports/x86_64-linux/libxslt/1.1.43/lib/libexslt.a -lm -lz /home/spiros/Git_projects/pibookspiros/site/vendor/bundle/ruby/3.4.0/gems/nokogiri-1.18.10/ports/x86_64-linux/libxml2/2.13.9/lib/libxml2.a /home/spiros/Git_projects/pibookspiros/site/vendor/bundle/ruby/3.4.0/gems/nokogiri-1.18.10/ports/x86_64-linux/libxslt/1.1.43/lib/libxslt.a -lm -lz /home/spiros/Git_projects/pibookspiros/site/vendor/bundle/ruby/3.4.0/gems/nokogiri-1.18.10/ports/x86_64-linux/libxml2/2.13.9/lib/libxml2.a -lm -lpthread  -lc"
conftest.c: In function ‘t’:
conftest.c:16:57: error: ‘xsltParseStylesheetDoc’ undeclared (first use in this function)
   16 | int t(void) { void ((*volatile p)()); p = (void ((*)()))xsltParseStylesheetDoc; return !p; }
      |                                                         ^~~~~~~~~~~~~~~~~~~~~~
conftest.c:16:57: note: each undeclared identifier is reported only once for each function it appears in
At top level:
cc1: note: unrecognized command-line option ‘-Wno-self-assign’ may have been intended to silence earlier diagnostics
cc1: note: unrecognized command-line option ‘-Wno-parentheses-equality’ may have been intended to silence earlier diagnostics
cc1: note: unrecognized command-line option ‘-Wno-constant-logical-operand’ may have been intended to silence earlier diagnostics
checked program was:
/* begin */
 1: #include "ruby.h"
 2: 
 3: #include <libxslt/xslt.h>
 4: 
 5: /*top*/
 6: extern int t(void);
 7: int main(int argc, char **argv)
 8: {
 9:   if (argc > 1000000) {
10:     int (* volatile tp)(void)=(int (*)(void))&t;
11:     printf("%d", (*tp)());
12:   }
13: 
14:   return !!argv[argc];
15: }
16: int t(void) { void ((*volatile p)()); p = (void ((*)()))xsltParseStylesheetDoc; return !p; }
/* end */

LD_LIBRARY_PATH=.:/home/spiros/.rbenv/versions/3.4.2/lib ASAN_OPTIONS=detect_leaks=0 "gcc -o conftest -I/home/spiros/.rbenv/versions/3.4.2/include/ruby-3.4.0/x86_64-linux -I/home/spiros/.rbenv/versions/3.4.2/include/ruby-3.4.0/ruby/backward -I/home/spiros/.rbenv/versions/3.4.2/include/ruby-3.4.0 -I. -I/home/spiros/Git_projects/pibookspiros/site/vendor/bundle/ruby/3.4.0/gems/nokogiri-1.18.10/ports/x86_64-linux/libxml2/2.13.9/include/libxml2 -I/home/spiros/Git_projects/pibookspiros/site/vendor/bundle/ruby/3.4.0/gems/nokogiri-1.18.10/ports/x86_64-linux/libxslt/1.1.43/include -I/home/spiros/Git_projects/pibookspiros/site/vendor/bundle/ruby/3.4.0/gems/nokogiri-1.18.10/ports/x86_64-linux/libxml2/2.13.9/include/libxml2    -DNOKOGIRI_PACKAGED_LIBRARIES -DNOKOGIRI_LIBXML2_PATCHES="\"0001-Remove-script-macro-support.patch 0002-Update-entities-to-remove-handling-of-ssi.patch 0009-allow-wildcard-namespaces.patch 0010-update-config.guess-and-config.sub-for-libxml2.patch 0011-rip-out-libxml2-s-libc_single_threaded-support.patch 0019-xpath-Use-separate-static-hash-table-for-standard-fu.patch\"" -DNOKOGIRI_LIBXSLT_PATCHES="\"0001-update-config.guess-and-config.sub-for-libxslt.patch\"" -fstack-protector-strong -U_FORTIFY_SOURCE -D_FORTIFY_SOURCE=2  -O3 -fno-fast-math -ggdb3 -Wall -Wextra -Wdeprecated-declarations -Wdiv-by-zero -Wduplicated-cond -Wimplicit-function-declaration -Wimplicit-int -Wpointer-arith -Wwrite-strings -Wold-style-definition -Wimplicit-fallthrough=0 -Wmissing-noreturn -Wno-cast-function-type -Wno-constant-logical-operand -Wno-long-long -Wno-missing-field-initializers -Wno-overlength-strings -Wno-packed-bitfield-compat -Wno-parentheses-equality -Wno-self-assign -Wno-tautological-compare -Wno-unused-parameter -Wno-unused-value -Wsuggest-attribute=format -Wsuggest-attribute=noreturn -Wunused-variable -Wmisleading-indentation -Wundef  -fPIC -std=c99 -Wno-declaration-after-statement -O2 -g -Winline -Wmissing-noreturn -Wconversion conftest.c -L. -L/home/spiros/.rbenv/versions/3.4.2/lib -Wl,-rpath,/home/spiros/.rbenv/versions/3.4.2/lib -L/home/spiros/Git_projects/pibookspiros/site/vendor/bundle/ruby/3.4.0/gems/nokogiri-1.18.10/ports/x86_64-linux/libxml2/2.13.9/lib -Wl,-rpath,/home/spiros/Git_projects/pibookspiros/site/vendor/bundle/ruby/3.4.0/gems/nokogiri-1.18.10/ports/x86_64-linux/libxml2/2.13.9/lib -L/home/spiros/Git_projects/pibookspiros/site/vendor/bundle/ruby/3.4.0/gems/nokogiri-1.18.10/ports/x86_64-linux/libxslt/1.1.43/lib -Wl,-rpath,/home/spiros/Git_projects/pibookspiros/site/vendor/bundle/ruby/3.4.0/gems/nokogiri-1.18.10/ports/x86_64-linux/libxslt/1.1.43/lib -L. -fstack-protector-strong -rdynamic -Wl,-export-dynamic -Wl,--no-as-needed    /home/spiros/Git_projects/pibookspiros/site/vendor/bundle/ruby/3.4.0/gems/nokogiri-1.18.10/ports/x86_64-linux/libxslt/1.1.43/lib/libexslt.a -lm -lz /home/spiros/Git_projects/pibookspiros/site/vendor/bundle/ruby/3.4.0/gems/nokogiri-1.18.10/ports/x86_64-linux/libxml2/2.13.9/lib/libxml2.a /home/spiros/Git_projects/pibookspiros/site/vendor/bundle/ruby/3.4.0/gems/nokogiri-1.18.10/ports/x86_64-linux/libxslt/1.1.43/lib/libxslt.a -lm -lz /home/spiros/Git_projects/pibookspiros/site/vendor/bundle/ruby/3.4.0/gems/nokogiri-1.18.10/ports/x86_64-linux/libxml2/2.13.9/lib/libxml2.a -Wl,-rpath,/home/spiros/.rbenv/versions/3.4.2/lib -L/home/spiros/.rbenv/versions/3.4.2/lib -lruby /home/spiros/Git_projects/pibookspiros/site/vendor/bundle/ruby/3.4.0/gems/nokogiri-1.18.10/ports/x86_64-linux/libxslt/1.1.43/lib/libexslt.a -lm -lz /home/spiros/Git_projects/pibookspiros/site/vendor/bundle/ruby/3.4.0/gems/nokogiri-1.18.10/ports/x86_64-linux/libxml2/2.13.9/lib/libxml2.a /home/spiros/Git_projects/pibookspiros/site/vendor/bundle/ruby/3.4.0/gems/nokogiri-1.18.10/ports/x86_64-linux/libxslt/1.1.43/lib/libxslt.a -lm -lz /home/spiros/Git_projects/pibookspiros/site/vendor/bundle/ruby/3.4.0/gems/nokogiri-1.18.10/ports/x86_64-linux/libxml2/2.13.9/lib/libxml2.a -lm -lpthread  -lc"
checked program was:
/* begin */
 1: #include "ruby.h"
 2: 
 3: #include <libxslt/xslt.h>
 4: 
 5: /*top*/
 6: extern int t(void);
 7: int main(int argc, char **argv)
 8: {
 9:   if (argc > 1000000) {
10:     int (* volatile tp)(void)=(int (*)(void))&t;
11:     printf("%d", (*tp)());
12:   }
13: 
14:   return !!argv[argc];
15: }
16: extern void xsltParseStylesheetDoc();
17: int t(void) { xsltParseStylesheetDoc(); return 0; }
/* end */

--------------------

have_func: checking for exsltFuncRegister() in libexslt/exslt.h... -------------------- yes

LD_LIBRARY_PATH=.:/home/spiros/.rbenv/versions/3.4.2/lib ASAN_OPTIONS=detect_leaks=0 "gcc -o conftest -I/home/spiros/.rbenv/versions/3.4.2/include/ruby-3.4.0/x86_64-linux -I/home/spiros/.rbenv/versions/3.4.2/include/ruby-3.4.0/ruby/backward -I/home/spiros/.rbenv/versions/3.4.2/include/ruby-3.4.0 -I. -I/home/spiros/Git_projects/pibookspiros/site/vendor/bundle/ruby/3.4.0/gems/nokogiri-1.18.10/ports/x86_64-linux/libxml2/2.13.9/include/libxml2 -I/home/spiros/Git_projects/pibookspiros/site/vendor/bundle/ruby/3.4.0/gems/nokogiri-1.18.10/ports/x86_64-linux/libxslt/1.1.43/include -I/home/spiros/Git_projects/pibookspiros/site/vendor/bundle/ruby/3.4.0/gems/nokogiri-1.18.10/ports/x86_64-linux/libxml2/2.13.9/include/libxml2    -DNOKOGIRI_PACKAGED_LIBRARIES -DNOKOGIRI_LIBXML2_PATCHES="\"0001-Remove-script-macro-support.patch 0002-Update-entities-to-remove-handling-of-ssi.patch 0009-allow-wildcard-namespaces.patch 0010-update-config.guess-and-config.sub-for-libxml2.patch 0011-rip-out-libxml2-s-libc_single_threaded-support.patch 0019-xpath-Use-separate-static-hash-table-for-standard-fu.patch\"" -DNOKOGIRI_LIBXSLT_PATCHES="\"0001-update-config.guess-and-config.sub-for-libxslt.patch\"" -fstack-protector-strong -U_FORTIFY_SOURCE -D_FORTIFY_SOURCE=2  -O3 -fno-fast-math -ggdb3 -Wall -Wextra -Wdeprecated-declarations -Wdiv-by-zero -Wduplicated-cond -Wimplicit-function-declaration -Wimplicit-int -Wpointer-arith -Wwrite-strings -Wold-style-definition -Wimplicit-fallthrough=0 -Wmissing-noreturn -Wno-cast-function-type -Wno-constant-logical-operand -Wno-long-long -Wno-missing-field-initializers -Wno-overlength-strings -Wno-packed-bitfield-compat -Wno-parentheses-equality -Wno-self-assign -Wno-tautological-compare -Wno-unused-parameter -Wno-unused-value -Wsuggest-attribute=format -Wsuggest-attribute=noreturn -Wunused-variable -Wmisleading-indentation -Wundef  -fPIC -std=c99 -Wno-declaration-after-statement -O2 -g -Winline -Wmissing-noreturn -Wconversion conftest.c -L. -L/home/spiros/.rbenv/versions/3.4.2/lib -Wl,-rpath,/home/spiros/.rbenv/versions/3.4.2/lib -L/home/spiros/Git_projects/pibookspiros/site/vendor/bundle/ruby/3.4.0/gems/nokogiri-1.18.10/ports/x86_64-linux/libxml2/2.13.9/lib -Wl,-rpath,/home/spiros/Git_projects/pibookspiros/site/vendor/bundle/ruby/3.4.0/gems/nokogiri-1.18.10/ports/x86_64-linux/libxml2/2.13.9/lib -L/home/spiros/Git_projects/pibookspiros/site/vendor/bundle/ruby/3.4.0/gems/nokogiri-1.18.10/ports/x86_64-linux/libxslt/1.1.43/lib -Wl,-rpath,/home/spiros/Git_projects/pibookspiros/site/vendor/bundle/ruby/3.4.0/gems/nokogiri-1.18.10/ports/x86_64-linux/libxslt/1.1.43/lib -L. -fstack-protector-strong -rdynamic -Wl,-export-dynamic -Wl,--no-as-needed    /home/spiros/Git_projects/pibookspiros/site/vendor/bundle/ruby/3.4.0/gems/nokogiri-1.18.10/ports/x86_64-linux/libxslt/1.1.43/lib/libexslt.a -lm -lz /home/spiros/Git_projects/pibookspiros/site/vendor/bundle/ruby/3.4.0/gems/nokogiri-1.18.10/ports/x86_64-linux/libxml2/2.13.9/lib/libxml2.a /home/spiros/Git_projects/pibookspiros/site/vendor/bundle/ruby/3.4.0/gems/nokogiri-1.18.10/ports/x86_64-linux/libxslt/1.1.43/lib/libxslt.a -lm -lz /home/spiros/Git_projects/pibookspiros/site/vendor/bundle/ruby/3.4.0/gems/nokogiri-1.18.10/ports/x86_64-linux/libxml2/2.13.9/lib/libxml2.a -Wl,-rpath,/home/spiros/.rbenv/versions/3.4.2/lib -L/home/spiros/.rbenv/versions/3.4.2/lib -lruby /home/spiros/Git_projects/pibookspiros/site/vendor/bundle/ruby/3.4.0/gems/nokogiri-1.18.10/ports/x86_64-linux/libxslt/1.1.43/lib/libexslt.a -lm -lz /home/spiros/Git_projects/pibookspiros/site/vendor/bundle/ruby/3.4.0/gems/nokogiri-1.18.10/ports/x86_64-linux/libxml2/2.13.9/lib/libxml2.a /home/spiros/Git_projects/pibookspiros/site/vendor/bundle/ruby/3.4.0/gems/nokogiri-1.18.10/ports/x86_64-linux/libxslt/1.1.43/lib/libxslt.a -lm -lz /home/spiros/Git_projects/pibookspiros/site/vendor/bundle/ruby/3.4.0/gems/nokogiri-1.18.10/ports/x86_64-linux/libxml2/2.13.9/lib/libxml2.a -lm -lpthread  -lc"
checked program was:
/* begin */
 1: #include "ruby.h"
 2: 
 3: #include <libexslt/exslt.h>
 4: 
 5: /*top*/
 6: extern int t(void);
 7: int main(int argc, char **argv)
 8: {
 9:   if (argc > 1000000) {
10:     int (* volatile tp)(void)=(int (*)(void))&t;
11:     printf("%d", (*tp)());
12:   }
13: 
14:   return !!argv[argc];
15: }
16: int t(void) { void ((*volatile p)()); p = (void ((*)()))exsltFuncRegister; return !p; }
/* end */

--------------------

append_cppflags: checking for whether -I/home/spiros/Git_projects/pibookspiros/site/vendor/bundle/ruby/3.4.0/gems/nokogiri-1.18.10/ext/nokogiri/ports/x86_64-linux/libgumbo/1.0.0-nokogiri/include is accepted as CPPFLAGS... -------------------- yes

LD_LIBRARY_PATH=.:/home/spiros/.rbenv/versions/3.4.2/lib ASAN_OPTIONS=detect_leaks=0 "gcc -I/home/spiros/.rbenv/versions/3.4.2/include/ruby-3.4.0/x86_64-linux -I/home/spiros/.rbenv/versions/3.4.2/include/ruby-3.4.0/ruby/backward -I/home/spiros/.rbenv/versions/3.4.2/include/ruby-3.4.0 -I. -I/home/spiros/Git_projects/pibookspiros/site/vendor/bundle/ruby/3.4.0/gems/nokogiri-1.18.10/ports/x86_64-linux/libxml2/2.13.9/include/libxml2 -I/home/spiros/Git_projects/pibookspiros/site/vendor/bundle/ruby/3.4.0/gems/nokogiri-1.18.10/ports/x86_64-linux/libxslt/1.1.43/include -I/home/spiros/Git_projects/pibookspiros/site/vendor/bundle/ruby/3.4.0/gems/nokogiri-1.18.10/ports/x86_64-linux/libxml2/2.13.9/include/libxml2    -DNOKOGIRI_PACKAGED_LIBRARIES -DNOKOGIRI_LIBXML2_PATCHES="\"0001-Remove-script-macro-support.patch 0002-Update-entities-to-remove-handling-of-ssi.patch 0009-allow-wildcard-namespaces.patch 0010-update-config.guess-and-config.sub-for-libxml2.patch 0011-rip-out-libxml2-s-libc_single_threaded-support.patch 0019-xpath-Use-separate-static-hash-table-for-standard-fu.patch\"" -DNOKOGIRI_LIBXSLT_PATCHES="\"0001-update-config.guess-and-config.sub-for-libxslt.patch\"" -fstack-protector-strong -U_FORTIFY_SOURCE -D_FORTIFY_SOURCE=2  -O3 -fno-fast-math -ggdb3 -Wall -Wextra -Wdeprecated-declarations -Wdiv-by-zero -Wduplicated-cond -Wimplicit-function-declaration -Wimplicit-int -Wpointer-arith -Wwrite-strings -Wold-style-definition -Wimplicit-fallthrough=0 -Wmissing-noreturn -Wno-cast-function-type -Wno-constant-logical-operand -Wno-long-long -Wno-missing-field-initializers -Wno-overlength-strings -Wno-packed-bitfield-compat -Wno-parentheses-equality -Wno-self-assign -Wno-tautological-compare -Wno-unused-parameter -Wno-unused-value -Wsuggest-attribute=format -Wsuggest-attribute=noreturn -Wunused-variable -Wmisleading-indentation -Wundef  -fPIC -std=c99 -Wno-declaration-after-statement -O2 -g -Winline -Wmissing-noreturn -Wconversion  -I/home/spiros/Git_projects/pibookspiros/site/vendor/bundle/ruby/3.4.0/gems/nokogiri-1.18.10/ext/nokogiri/ports/x86_64-linux/libgumbo/1.0.0-nokogiri/include -Werror -c conftest.c"
checked program was:
/* begin */
1: #include "ruby.h"
2: 
3: int main(int argc, char **argv)
4: {
5:   return !!argv[argc];
6: }
/* end */

--------------------

have_func: checking for gumbo_parse_with_options() in nokogiri_gumbo.h... -------------------- yes

LD_LIBRARY_PATH=.:/home/spiros/.rbenv/versions/3.4.2/lib ASAN_OPTIONS=detect_leaks=0 "gcc -o conftest -I/home/spiros/.rbenv/versions/3.4.2/include/ruby-3.4.0/x86_64-linux -I/home/spiros/.rbenv/versions/3.4.2/include/ruby-3.4.0/ruby/backward -I/home/spiros/.rbenv/versions/3.4.2/include/ruby-3.4.0 -I. -I/home/spiros/Git_projects/pibookspiros/site/vendor/bundle/ruby/3.4.0/gems/nokogiri-1.18.10/ports/x86_64-linux/libxml2/2.13.9/include/libxml2 -I/home/spiros/Git_projects/pibookspiros/site/vendor/bundle/ruby/3.4.0/gems/nokogiri-1.18.10/ports/x86_64-linux/libxslt/1.1.43/include -I/home/spiros/Git_projects/pibookspiros/site/vendor/bundle/ruby/3.4.0/gems/nokogiri-1.18.10/ports/x86_64-linux/libxml2/2.13.9/include/libxml2    -DNOKOGIRI_PACKAGED_LIBRARIES -DNOKOGIRI_LIBXML2_PATCHES="\"0001-Remove-script-macro-support.patch 0002-Update-entities-to-remove-handling-of-ssi.patch 0009-allow-wildcard-namespaces.patch 0010-update-config.guess-and-config.sub-for-libxml2.patch 0011-rip-out-libxml2-s-libc_single_threaded-support.patch 0019-xpath-Use-separate-static-hash-table-for-standard-fu.patch\"" -DNOKOGIRI_LIBXSLT_PATCHES="\"0001-update-config.guess-and-config.sub-for-libxslt.patch\"" -I/home/spiros/Git_projects/pibookspiros/site/vendor/bundle/ruby/3.4.0/gems/nokogiri-1.18.10/ext/nokogiri/ports/x86_64-linux/libgumbo/1.0.0-nokogiri/include -fstack-protector-strong -U_FORTIFY_SOURCE -D_FORTIFY_SOURCE=2  -O3 -fno-fast-math -ggdb3 -Wall -Wextra -Wdeprecated-declarations -Wdiv-by-zero -Wduplicated-cond -Wimplicit-function-declaration -Wimplicit-int -Wpointer-arith -Wwrite-strings -Wold-style-definition -Wimplicit-fallthrough=0 -Wmissing-noreturn -Wno-cast-function-type -Wno-constant-logical-operand -Wno-long-long -Wno-missing-field-initializers -Wno-overlength-strings -Wno-packed-bitfield-compat -Wno-parentheses-equality -Wno-self-assign -Wno-tautological-compare -Wno-unused-parameter -Wno-unused-value -Wsuggest-attribute=format -Wsuggest-attribute=noreturn -Wunused-variable -Wmisleading-indentation -Wundef  -fPIC -std=c99 -Wno-declaration-after-statement -O2 -g -Winline -Wmissing-noreturn -Wconversion conftest.c -L. -L/home/spiros/.rbenv/versions/3.4.2/lib -Wl,-rpath,/home/spiros/.rbenv/versions/3.4.2/lib -L/home/spiros/Git_projects/pibookspiros/site/vendor/bundle/ruby/3.4.0/gems/nokogiri-1.18.10/ports/x86_64-linux/libxml2/2.13.9/lib -Wl,-rpath,/home/spiros/Git_projects/pibookspiros/site/vendor/bundle/ruby/3.4.0/gems/nokogiri-1.18.10/ports/x86_64-linux/libxml2/2.13.9/lib -L/home/spiros/Git_projects/pibookspiros/site/vendor/bundle/ruby/3.4.0/gems/nokogiri-1.18.10/ports/x86_64-linux/libxslt/1.1.43/lib -Wl,-rpath,/home/spiros/Git_projects/pibookspiros/site/vendor/bundle/ruby/3.4.0/gems/nokogiri-1.18.10/ports/x86_64-linux/libxslt/1.1.43/lib -L/home/spiros/Git_projects/pibookspiros/site/vendor/bundle/ruby/3.4.0/gems/nokogiri-1.18.10/ext/nokogiri/ports/x86_64-linux/libgumbo/1.0.0-nokogiri/lib -Wl,-rpath,/home/spiros/Git_projects/pibookspiros/site/vendor/bundle/ruby/3.4.0/gems/nokogiri-1.18.10/ext/nokogiri/ports/x86_64-linux/libgumbo/1.0.0-nokogiri/lib -L. -fstack-protector-strong -rdynamic -Wl,-export-dynamic -Wl,--no-as-needed    /home/spiros/Git_projects/pibookspiros/site/vendor/bundle/ruby/3.4.0/gems/nokogiri-1.18.10/ports/x86_64-linux/libxslt/1.1.43/lib/libexslt.a -lm -lz /home/spiros/Git_projects/pibookspiros/site/vendor/bundle/ruby/3.4.0/gems/nokogiri-1.18.10/ports/x86_64-linux/libxml2/2.13.9/lib/libxml2.a /home/spiros/Git_projects/pibookspiros/site/vendor/bundle/ruby/3.4.0/gems/nokogiri-1.18.10/ports/x86_64-linux/libxslt/1.1.43/lib/libxslt.a -lm -lz /home/spiros/Git_projects/pibookspiros/site/vendor/bundle/ruby/3.4.0/gems/nokogiri-1.18.10/ports/x86_64-linux/libxml2/2.13.9/lib/libxml2.a /home/spiros/Git_projects/pibookspiros/site/vendor/bundle/ruby/3.4.0/gems/nokogiri-1.18.10/ext/nokogiri/ports/x86_64-linux/libgumbo/1.0.0-nokogiri/lib/libgumbo.a -Wl,-rpath,/home/spiros/.rbenv/versions/3.4.2/lib -L/home/spiros/.rbenv/versions/3.4.2/lib -lruby /home/spiros/Git_projects/pibookspiros/site/vendor/bundle/ruby/3.4.0/gems/nokogiri-1.18.10/ports/x86_64-linux/libxslt/1.1.43/lib/libexslt.a -lm -lz /home/spiros/Git_projects/pibookspiros/site/vendor/bundle/ruby/3.4.0/gems/nokogiri-1.18.10/ports/x86_64-linux/libxml2/2.13.9/lib/libxml2.a /home/spiros/Git_projects/pibookspiros/site/vendor/bundle/ruby/3.4.0/gems/nokogiri-1.18.10/ports/x86_64-linux/libxslt/1.1.43/lib/libxslt.a -lm -lz /home/spiros/Git_projects/pibookspiros/site/vendor/bundle/ruby/3.4.0/gems/nokogiri-1.18.10/ports/x86_64-linux/libxml2/2.13.9/lib/libxml2.a /home/spiros/Git_projects/pibookspiros/site/vendor/bundle/ruby/3.4.0/gems/nokogiri-1.18.10/ext/nokogiri/ports/x86_64-linux/libgumbo/1.0.0-nokogiri/lib/libgumbo.a -lm -lpthread  -lc"
checked program was:
/* begin */
 1: #include "ruby.h"
 2: 
 3: #include <nokogiri_gumbo.h>
 4: 
 5: /*top*/
 6: extern int t(void);
 7: int main(int argc, char **argv)
 8: {
 9:   if (argc > 1000000) {
10:     int (* volatile tp)(void)=(int (*)(void))&t;
11:     printf("%d", (*tp)());
12:   }
13: 
14:   return !!argv[argc];
15: }
16: int t(void) { void ((*volatile p)()); p = (void ((*)()))gumbo_parse_with_options; return !p; }
/* end */

--------------------

have_func: checking for xmlCtxtSetOptions()... -------------------- yes

LD_LIBRARY_PATH=.:/home/spiros/.rbenv/versions/3.4.2/lib ASAN_OPTIONS=detect_leaks=0 "gcc -o conftest -I/home/spiros/.rbenv/versions/3.4.2/include/ruby-3.4.0/x86_64-linux -I/home/spiros/.rbenv/versions/3.4.2/include/ruby-3.4.0/ruby/backward -I/home/spiros/.rbenv/versions/3.4.2/include/ruby-3.4.0 -I. -I/home/spiros/Git_projects/pibookspiros/site/vendor/bundle/ruby/3.4.0/gems/nokogiri-1.18.10/ports/x86_64-linux/libxml2/2.13.9/include/libxml2 -I/home/spiros/Git_projects/pibookspiros/site/vendor/bundle/ruby/3.4.0/gems/nokogiri-1.18.10/ports/x86_64-linux/libxslt/1.1.43/include -I/home/spiros/Git_projects/pibookspiros/site/vendor/bundle/ruby/3.4.0/gems/nokogiri-1.18.10/ports/x86_64-linux/libxml2/2.13.9/include/libxml2    -DNOKOGIRI_PACKAGED_LIBRARIES -DNOKOGIRI_LIBXML2_PATCHES="\"0001-Remove-script-macro-support.patch 0002-Update-entities-to-remove-handling-of-ssi.patch 0009-allow-wildcard-namespaces.patch 0010-update-config.guess-and-config.sub-for-libxml2.patch 0011-rip-out-libxml2-s-libc_single_threaded-support.patch 0019-xpath-Use-separate-static-hash-table-for-standard-fu.patch\"" -DNOKOGIRI_LIBXSLT_PATCHES="\"0001-update-config.guess-and-config.sub-for-libxslt.patch\"" -I/home/spiros/Git_projects/pibookspiros/site/vendor/bundle/ruby/3.4.0/gems/nokogiri-1.18.10/ext/nokogiri/ports/x86_64-linux/libgumbo/1.0.0-nokogiri/include -fstack-protector-strong -U_FORTIFY_SOURCE -D_FORTIFY_SOURCE=2  -O3 -fno-fast-math -ggdb3 -Wall -Wextra -Wdeprecated-declarations -Wdiv-by-zero -Wduplicated-cond -Wimplicit-function-declaration -Wimplicit-int -Wpointer-arith -Wwrite-strings -Wold-style-definition -Wimplicit-fallthrough=0 -Wmissing-noreturn -Wno-cast-function-type -Wno-constant-logical-operand -Wno-long-long -Wno-missing-field-initializers -Wno-overlength-strings -Wno-packed-bitfield-compat -Wno-parentheses-equality -Wno-self-assign -Wno-tautological-compare -Wno-unused-parameter -Wno-unused-value -Wsuggest-attribute=format -Wsuggest-attribute=noreturn -Wunused-variable -Wmisleading-indentation -Wundef  -fPIC -std=c99 -Wno-declaration-after-statement -O2 -g -Winline -Wmissing-noreturn -Wconversion conftest.c -L. -L/home/spiros/.rbenv/versions/3.4.2/lib -Wl,-rpath,/home/spiros/.rbenv/versions/3.4.2/lib -L/home/spiros/Git_projects/pibookspiros/site/vendor/bundle/ruby/3.4.0/gems/nokogiri-1.18.10/ports/x86_64-linux/libxml2/2.13.9/lib -Wl,-rpath,/home/spiros/Git_projects/pibookspiros/site/vendor/bundle/ruby/3.4.0/gems/nokogiri-1.18.10/ports/x86_64-linux/libxml2/2.13.9/lib -L/home/spiros/Git_projects/pibookspiros/site/vendor/bundle/ruby/3.4.0/gems/nokogiri-1.18.10/ports/x86_64-linux/libxslt/1.1.43/lib -Wl,-rpath,/home/spiros/Git_projects/pibookspiros/site/vendor/bundle/ruby/3.4.0/gems/nokogiri-1.18.10/ports/x86_64-linux/libxslt/1.1.43/lib -L/home/spiros/Git_projects/pibookspiros/site/vendor/bundle/ruby/3.4.0/gems/nokogiri-1.18.10/ext/nokogiri/ports/x86_64-linux/libgumbo/1.0.0-nokogiri/lib -Wl,-rpath,/home/spiros/Git_projects/pibookspiros/site/vendor/bundle/ruby/3.4.0/gems/nokogiri-1.18.10/ext/nokogiri/ports/x86_64-linux/libgumbo/1.0.0-nokogiri/lib -L. -fstack-protector-strong -rdynamic -Wl,-export-dynamic -Wl,--no-as-needed    /home/spiros/Git_projects/pibookspiros/site/vendor/bundle/ruby/3.4.0/gems/nokogiri-1.18.10/ports/x86_64-linux/libxslt/1.1.43/lib/libexslt.a -lm -lz /home/spiros/Git_projects/pibookspiros/site/vendor/bundle/ruby/3.4.0/gems/nokogiri-1.18.10/ports/x86_64-linux/libxml2/2.13.9/lib/libxml2.a /home/spiros/Git_projects/pibookspiros/site/vendor/bundle/ruby/3.4.0/gems/nokogiri-1.18.10/ports/x86_64-linux/libxslt/1.1.43/lib/libxslt.a -lm -lz /home/spiros/Git_projects/pibookspiros/site/vendor/bundle/ruby/3.4.0/gems/nokogiri-1.18.10/ports/x86_64-linux/libxml2/2.13.9/lib/libxml2.a /home/spiros/Git_projects/pibookspiros/site/vendor/bundle/ruby/3.4.0/gems/nokogiri-1.18.10/ext/nokogiri/ports/x86_64-linux/libgumbo/1.0.0-nokogiri/lib/libgumbo.a -Wl,-rpath,/home/spiros/.rbenv/versions/3.4.2/lib -L/home/spiros/.rbenv/versions/3.4.2/lib -lruby /home/spiros/Git_projects/pibookspiros/site/vendor/bundle/ruby/3.4.0/gems/nokogiri-1.18.10/ports/x86_64-linux/libxslt/1.1.43/lib/libexslt.a -lm -lz /home/spiros/Git_projects/pibookspiros/site/vendor/bundle/ruby/3.4.0/gems/nokogiri-1.18.10/ports/x86_64-linux/libxml2/2.13.9/lib/libxml2.a /home/spiros/Git_projects/pibookspiros/site/vendor/bundle/ruby/3.4.0/gems/nokogiri-1.18.10/ports/x86_64-linux/libxslt/1.1.43/lib/libxslt.a -lm -lz /home/spiros/Git_projects/pibookspiros/site/vendor/bundle/ruby/3.4.0/gems/nokogiri-1.18.10/ports/x86_64-linux/libxml2/2.13.9/lib/libxml2.a /home/spiros/Git_projects/pibookspiros/site/vendor/bundle/ruby/3.4.0/gems/nokogiri-1.18.10/ext/nokogiri/ports/x86_64-linux/libgumbo/1.0.0-nokogiri/lib/libgumbo.a -lm -lpthread  -lc"
conftest.c: In function ‘t’:
conftest.c:14:57: error: ‘xmlCtxtSetOptions’ undeclared (first use in this function)
   14 | int t(void) { void ((*volatile p)()); p = (void ((*)()))xmlCtxtSetOptions; return !p; }
      |                                                         ^~~~~~~~~~~~~~~~~
conftest.c:14:57: note: each undeclared identifier is reported only once for each function it appears in
At top level:
cc1: note: unrecognized command-line option ‘-Wno-self-assign’ may have been intended to silence earlier diagnostics
cc1: note: unrecognized command-line option ‘-Wno-parentheses-equality’ may have been intended to silence earlier diagnostics
cc1: note: unrecognized command-line option ‘-Wno-constant-logical-operand’ may have been intended to silence earlier diagnostics
checked program was:
/* begin */
 1: #include "ruby.h"
 2: 
 3: /*top*/
 4: extern int t(void);
 5: int main(int argc, char **argv)
 6: {
 7:   if (argc > 1000000) {
 8:     int (* volatile tp)(void)=(int (*)(void))&t;
 9:     printf("%d", (*tp)());
10:   }
11: 
12:   return !!argv[argc];
13: }
14: int t(void) { void ((*volatile p)()); p = (void ((*)()))xmlCtxtSetOptions; return !p; }
/* end */

LD_LIBRARY_PATH=.:/home/spiros/.rbenv/versions/3.4.2/lib ASAN_OPTIONS=detect_leaks=0 "gcc -o conftest -I/home/spiros/.rbenv/versions/3.4.2/include/ruby-3.4.0/x86_64-linux -I/home/spiros/.rbenv/versions/3.4.2/include/ruby-3.4.0/ruby/backward -I/home/spiros/.rbenv/versions/3.4.2/include/ruby-3.4.0 -I. -I/home/spiros/Git_projects/pibookspiros/site/vendor/bundle/ruby/3.4.0/gems/nokogiri-1.18.10/ports/x86_64-linux/libxml2/2.13.9/include/libxml2 -I/home/spiros/Git_projects/pibookspiros/site/vendor/bundle/ruby/3.4.0/gems/nokogiri-1.18.10/ports/x86_64-linux/libxslt/1.1.43/include -I/home/spiros/Git_projects/pibookspiros/site/vendor/bundle/ruby/3.4.0/gems/nokogiri-1.18.10/ports/x86_64-linux/libxml2/2.13.9/include/libxml2    -DNOKOGIRI_PACKAGED_LIBRARIES -DNOKOGIRI_LIBXML2_PATCHES="\"0001-Remove-script-macro-support.patch 0002-Update-entities-to-remove-handling-of-ssi.patch 0009-allow-wildcard-namespaces.patch 0010-update-config.guess-and-config.sub-for-libxml2.patch 0011-rip-out-libxml2-s-libc_single_threaded-support.patch 0019-xpath-Use-separate-static-hash-table-for-standard-fu.patch\"" -DNOKOGIRI_LIBXSLT_PATCHES="\"0001-update-config.guess-and-config.sub-for-libxslt.patch\"" -I/home/spiros/Git_projects/pibookspiros/site/vendor/bundle/ruby/3.4.0/gems/nokogiri-1.18.10/ext/nokogiri/ports/x86_64-linux/libgumbo/1.0.0-nokogiri/include -fstack-protector-strong -U_FORTIFY_SOURCE -D_FORTIFY_SOURCE=2  -O3 -fno-fast-math -ggdb3 -Wall -Wextra -Wdeprecated-declarations -Wdiv-by-zero -Wduplicated-cond -Wimplicit-function-declaration -Wimplicit-int -Wpointer-arith -Wwrite-strings -Wold-style-definition -Wimplicit-fallthrough=0 -Wmissing-noreturn -Wno-cast-function-type -Wno-constant-logical-operand -Wno-long-long -Wno-missing-field-initializers -Wno-overlength-strings -Wno-packed-bitfield-compat -Wno-parentheses-equality -Wno-self-assign -Wno-tautological-compare -Wno-unused-parameter -Wno-unused-value -Wsuggest-attribute=format -Wsuggest-attribute=noreturn -Wunused-variable -Wmisleading-indentation -Wundef  -fPIC -std=c99 -Wno-declaration-after-statement -O2 -g -Winline -Wmissing-noreturn -Wconversion conftest.c -L. -L/home/spiros/.rbenv/versions/3.4.2/lib -Wl,-rpath,/home/spiros/.rbenv/versions/3.4.2/lib -L/home/spiros/Git_projects/pibookspiros/site/vendor/bundle/ruby/3.4.0/gems/nokogiri-1.18.10/ports/x86_64-linux/libxml2/2.13.9/lib -Wl,-rpath,/home/spiros/Git_projects/pibookspiros/site/vendor/bundle/ruby/3.4.0/gems/nokogiri-1.18.10/ports/x86_64-linux/libxml2/2.13.9/lib -L/home/spiros/Git_projects/pibookspiros/site/vendor/bundle/ruby/3.4.0/gems/nokogiri-1.18.10/ports/x86_64-linux/libxslt/1.1.43/lib -Wl,-rpath,/home/spiros/Git_projects/pibookspiros/site/vendor/bundle/ruby/3.4.0/gems/nokogiri-1.18.10/ports/x86_64-linux/libxslt/1.1.43/lib -L/home/spiros/Git_projects/pibookspiros/site/vendor/bundle/ruby/3.4.0/gems/nokogiri-1.18.10/ext/nokogiri/ports/x86_64-linux/libgumbo/1.0.0-nokogiri/lib -Wl,-rpath,/home/spiros/Git_projects/pibookspiros/site/vendor/bundle/ruby/3.4.0/gems/nokogiri-1.18.10/ext/nokogiri/ports/x86_64-linux/libgumbo/1.0.0-nokogiri/lib -L. -fstack-protector-strong -rdynamic -Wl,-export-dynamic -Wl,--no-as-needed    /home/spiros/Git_projects/pibookspiros/site/vendor/bundle/ruby/3.4.0/gems/nokogiri-1.18.10/ports/x86_64-linux/libxslt/1.1.43/lib/libexslt.a -lm -lz /home/spiros/Git_projects/pibookspiros/site/vendor/bundle/ruby/3.4.0/gems/nokogiri-1.18.10/ports/x86_64-linux/libxml2/2.13.9/lib/libxml2.a /home/spiros/Git_projects/pibookspiros/site/vendor/bundle/ruby/3.4.0/gems/nokogiri-1.18.10/ports/x86_64-linux/libxslt/1.1.43/lib/libxslt.a -lm -lz /home/spiros/Git_projects/pibookspiros/site/vendor/bundle/ruby/3.4.0/gems/nokogiri-1.18.10/ports/x86_64-linux/libxml2/2.13.9/lib/libxml2.a /home/spiros/Git_projects/pibookspiros/site/vendor/bundle/ruby/3.4.0/gems/nokogiri-1.18.10/ext/nokogiri/ports/x86_64-linux/libgumbo/1.0.0-nokogiri/lib/libgumbo.a -Wl,-rpath,/home/spiros/.rbenv/versions/3.4.2/lib -L/home/spiros/.rbenv/versions/3.4.2/lib -lruby /home/spiros/Git_projects/pibookspiros/site/vendor/bundle/ruby/3.4.0/gems/nokogiri-1.18.10/ports/x86_64-linux/libxslt/1.1.43/lib/libexslt.a -lm -lz /home/spiros/Git_projects/pibookspiros/site/vendor/bundle/ruby/3.4.0/gems/nokogiri-1.18.10/ports/x86_64-linux/libxml2/2.13.9/lib/libxml2.a /home/spiros/Git_projects/pibookspiros/site/vendor/bundle/ruby/3.4.0/gems/nokogiri-1.18.10/ports/x86_64-linux/libxslt/1.1.43/lib/libxslt.a -lm -lz /home/spiros/Git_projects/pibookspiros/site/vendor/bundle/ruby/3.4.0/gems/nokogiri-1.18.10/ports/x86_64-linux/libxml2/2.13.9/lib/libxml2.a /home/spiros/Git_projects/pibookspiros/site/vendor/bundle/ruby/3.4.0/gems/nokogiri-1.18.10/ext/nokogiri/ports/x86_64-linux/libgumbo/1.0.0-nokogiri/lib/libgumbo.a -lm -lpthread  -lc"
checked program was:
/* begin */
 1: #include "ruby.h"
 2: 
 3: /*top*/
 4: extern int t(void);
 5: int main(int argc, char **argv)
 6: {
 7:   if (argc > 1000000) {
 8:     int (* volatile tp)(void)=(int (*)(void))&t;
 9:     printf("%d", (*tp)());
10:   }
11: 
12:   return !!argv[argc];
13: }
14: extern void xmlCtxtSetOptions();
15: int t(void) { xmlCtxtSetOptions(); return 0; }
/* end */

--------------------

have_func: checking for xmlCtxtGetOptions()... -------------------- no

LD_LIBRARY_PATH=.:/home/spiros/.rbenv/versions/3.4.2/lib ASAN_OPTIONS=detect_leaks=0 "gcc -o conftest -I/home/spiros/.rbenv/versions/3.4.2/include/ruby-3.4.0/x86_64-linux -I/home/spiros/.rbenv/versions/3.4.2/include/ruby-3.4.0/ruby/backward -I/home/spiros/.rbenv/versions/3.4.2/include/ruby-3.4.0 -I. -I/home/spiros/Git_projects/pibookspiros/site/vendor/bundle/ruby/3.4.0/gems/nokogiri-1.18.10/ports/x86_64-linux/libxml2/2.13.9/include/libxml2 -I/home/spiros/Git_projects/pibookspiros/site/vendor/bundle/ruby/3.4.0/gems/nokogiri-1.18.10/ports/x86_64-linux/libxslt/1.1.43/include -I/home/spiros/Git_projects/pibookspiros/site/vendor/bundle/ruby/3.4.0/gems/nokogiri-1.18.10/ports/x86_64-linux/libxml2/2.13.9/include/libxml2    -DNOKOGIRI_PACKAGED_LIBRARIES -DNOKOGIRI_LIBXML2_PATCHES="\"0001-Remove-script-macro-support.patch 0002-Update-entities-to-remove-handling-of-ssi.patch 0009-allow-wildcard-namespaces.patch 0010-update-config.guess-and-config.sub-for-libxml2.patch 0011-rip-out-libxml2-s-libc_single_threaded-support.patch 0019-xpath-Use-separate-static-hash-table-for-standard-fu.patch\"" -DNOKOGIRI_LIBXSLT_PATCHES="\"0001-update-config.guess-and-config.sub-for-libxslt.patch\"" -I/home/spiros/Git_projects/pibookspiros/site/vendor/bundle/ruby/3.4.0/gems/nokogiri-1.18.10/ext/nokogiri/ports/x86_64-linux/libgumbo/1.0.0-nokogiri/include -fstack-protector-strong -U_FORTIFY_SOURCE -D_FORTIFY_SOURCE=2  -O3 -fno-fast-math -ggdb3 -Wall -Wextra -Wdeprecated-declarations -Wdiv-by-zero -Wduplicated-cond -Wimplicit-function-declaration -Wimplicit-int -Wpointer-arith -Wwrite-strings -Wold-style-definition -Wimplicit-fallthrough=0 -Wmissing-noreturn -Wno-cast-function-type -Wno-constant-logical-operand -Wno-long-long -Wno-missing-field-initializers -Wno-overlength-strings -Wno-packed-bitfield-compat -Wno-parentheses-equality -Wno-self-assign -Wno-tautological-compare -Wno-unused-parameter -Wno-unused-value -Wsuggest-attribute=format -Wsuggest-attribute=noreturn -Wunused-variable -Wmisleading-indentation -Wundef  -fPIC -std=c99 -Wno-declaration-after-statement -O2 -g -Winline -Wmissing-noreturn -Wconversion conftest.c -L. -L/home/spiros/.rbenv/versions/3.4.2/lib -Wl,-rpath,/home/spiros/.rbenv/versions/3.4.2/lib -L/home/spiros/Git_projects/pibookspiros/site/vendor/bundle/ruby/3.4.0/gems/nokogiri-1.18.10/ports/x86_64-linux/libxml2/2.13.9/lib -Wl,-rpath,/home/spiros/Git_projects/pibookspiros/site/vendor/bundle/ruby/3.4.0/gems/nokogiri-1.18.10/ports/x86_64-linux/libxml2/2.13.9/lib -L/home/spiros/Git_projects/pibookspiros/site/vendor/bundle/ruby/3.4.0/gems/nokogiri-1.18.10/ports/x86_64-linux/libxslt/1.1.43/lib -Wl,-rpath,/home/spiros/Git_projects/pibookspiros/site/vendor/bundle/ruby/3.4.0/gems/nokogiri-1.18.10/ports/x86_64-linux/libxslt/1.1.43/lib -L/home/spiros/Git_projects/pibookspiros/site/vendor/bundle/ruby/3.4.0/gems/nokogiri-1.18.10/ext/nokogiri/ports/x86_64-linux/libgumbo/1.0.0-nokogiri/lib -Wl,-rpath,/home/spiros/Git_projects/pibookspiros/site/vendor/bundle/ruby/3.4.0/gems/nokogiri-1.18.10/ext/nokogiri/ports/x86_64-linux/libgumbo/1.0.0-nokogiri/lib -L. -fstack-protector-strong -rdynamic -Wl,-export-dynamic -Wl,--no-as-needed    /home/spiros/Git_projects/pibookspiros/site/vendor/bundle/ruby/3.4.0/gems/nokogiri-1.18.10/ports/x86_64-linux/libxslt/1.1.43/lib/libexslt.a -lm -lz /home/spiros/Git_projects/pibookspiros/site/vendor/bundle/ruby/3.4.0/gems/nokogiri-1.18.10/ports/x86_64-linux/libxml2/2.13.9/lib/libxml2.a /home/spiros/Git_projects/pibookspiros/site/vendor/bundle/ruby/3.4.0/gems/nokogiri-1.18.10/ports/x86_64-linux/libxslt/1.1.43/lib/libxslt.a -lm -lz /home/spiros/Git_projects/pibookspiros/site/vendor/bundle/ruby/3.4.0/gems/nokogiri-1.18.10/ports/x86_64-linux/libxml2/2.13.9/lib/libxml2.a /home/spiros/Git_projects/pibookspiros/site/vendor/bundle/ruby/3.4.0/gems/nokogiri-1.18.10/ext/nokogiri/ports/x86_64-linux/libgumbo/1.0.0-nokogiri/lib/libgumbo.a -Wl,-rpath,/home/spiros/.rbenv/versions/3.4.2/lib -L/home/spiros/.rbenv/versions/3.4.2/lib -lruby /home/spiros/Git_projects/pibookspiros/site/vendor/bundle/ruby/3.4.0/gems/nokogiri-1.18.10/ports/x86_64-linux/libxslt/1.1.43/lib/libexslt.a -lm -lz /home/spiros/Git_projects/pibookspiros/site/vendor/bundle/ruby/3.4.0/gems/nokogiri-1.18.10/ports/x86_64-linux/libxml2/2.13.9/lib/libxml2.a /home/spiros/Git_projects/pibookspiros/site/vendor/bundle/ruby/3.4.0/gems/nokogiri-1.18.10/ports/x86_64-linux/libxslt/1.1.43/lib/libxslt.a -lm -lz /home/spiros/Git_projects/pibookspiros/site/vendor/bundle/ruby/3.4.0/gems/nokogiri-1.18.10/ports/x86_64-linux/libxml2/2.13.9/lib/libxml2.a /home/spiros/Git_projects/pibookspiros/site/vendor/bundle/ruby/3.4.0/gems/nokogiri-1.18.10/ext/nokogiri/ports/x86_64-linux/libgumbo/1.0.0-nokogiri/lib/libgumbo.a -lm -lpthread  -lc"
conftest.c: In function ‘t’:
conftest.c:14:57: error: ‘xmlCtxtGetOptions’ undeclared (first use in this function)
   14 | int t(void) { void ((*volatile p)()); p = (void ((*)()))xmlCtxtGetOptions; return !p; }
      |                                                         ^~~~~~~~~~~~~~~~~
conftest.c:14:57: note: each undeclared identifier is reported only once for each function it appears in
At top level:
cc1: note: unrecognized command-line option ‘-Wno-self-assign’ may have been intended to silence earlier diagnostics
cc1: note: unrecognized command-line option ‘-Wno-parentheses-equality’ may have been intended to silence earlier diagnostics
cc1: note: unrecognized command-line option ‘-Wno-constant-logical-operand’ may have been intended to silence earlier diagnostics
checked program was:
/* begin */
 1: #include "ruby.h"
 2: 
 3: /*top*/
 4: extern int t(void);
 5: int main(int argc, char **argv)
 6: {
 7:   if (argc > 1000000) {
 8:     int (* volatile tp)(void)=(int (*)(void))&t;
 9:     printf("%d", (*tp)());
10:   }
11: 
12:   return !!argv[argc];
13: }
14: int t(void) { void ((*volatile p)()); p = (void ((*)()))xmlCtxtGetOptions; return !p; }
/* end */

LD_LIBRARY_PATH=.:/home/spiros/.rbenv/versions/3.4.2/lib ASAN_OPTIONS=detect_leaks=0 "gcc -o conftest -I/home/spiros/.rbenv/versions/3.4.2/include/ruby-3.4.0/x86_64-linux -I/home/spiros/.rbenv/versions/3.4.2/include/ruby-3.4.0/ruby/backward -I/home/spiros/.rbenv/versions/3.4.2/include/ruby-3.4.0 -I. -I/home/spiros/Git_projects/pibookspiros/site/vendor/bundle/ruby/3.4.0/gems/nokogiri-1.18.10/ports/x86_64-linux/libxml2/2.13.9/include/libxml2 -I/home/spiros/Git_projects/pibookspiros/site/vendor/bundle/ruby/3.4.0/gems/nokogiri-1.18.10/ports/x86_64-linux/libxslt/1.1.43/include -I/home/spiros/Git_projects/pibookspiros/site/vendor/bundle/ruby/3.4.0/gems/nokogiri-1.18.10/ports/x86_64-linux/libxml2/2.13.9/include/libxml2    -DNOKOGIRI_PACKAGED_LIBRARIES -DNOKOGIRI_LIBXML2_PATCHES="\"0001-Remove-script-macro-support.patch 0002-Update-entities-to-remove-handling-of-ssi.patch 0009-allow-wildcard-namespaces.patch 0010-update-config.guess-and-config.sub-for-libxml2.patch 0011-rip-out-libxml2-s-libc_single_threaded-support.patch 0019-xpath-Use-separate-static-hash-table-for-standard-fu.patch\"" -DNOKOGIRI_LIBXSLT_PATCHES="\"0001-update-config.guess-and-config.sub-for-libxslt.patch\"" -I/home/spiros/Git_projects/pibookspiros/site/vendor/bundle/ruby/3.4.0/gems/nokogiri-1.18.10/ext/nokogiri/ports/x86_64-linux/libgumbo/1.0.0-nokogiri/include -fstack-protector-strong -U_FORTIFY_SOURCE -D_FORTIFY_SOURCE=2  -O3 -fno-fast-math -ggdb3 -Wall -Wextra -Wdeprecated-declarations -Wdiv-by-zero -Wduplicated-cond -Wimplicit-function-declaration -Wimplicit-int -Wpointer-arith -Wwrite-strings -Wold-style-definition -Wimplicit-fallthrough=0 -Wmissing-noreturn -Wno-cast-function-type -Wno-constant-logical-operand -Wno-long-long -Wno-missing-field-initializers -Wno-overlength-strings -Wno-packed-bitfield-compat -Wno-parentheses-equality -Wno-self-assign -Wno-tautological-compare -Wno-unused-parameter -Wno-unused-value -Wsuggest-attribute=format -Wsuggest-attribute=noreturn -Wunused-variable -Wmisleading-indentation -Wundef  -fPIC -std=c99 -Wno-declaration-after-statement -O2 -g -Winline -Wmissing-noreturn -Wconversion conftest.c -L. -L/home/spiros/.rbenv/versions/3.4.2/lib -Wl,-rpath,/home/spiros/.rbenv/versions/3.4.2/lib -L/home/spiros/Git_projects/pibookspiros/site/vendor/bundle/ruby/3.4.0/gems/nokogiri-1.18.10/ports/x86_64-linux/libxml2/2.13.9/lib -Wl,-rpath,/home/spiros/Git_projects/pibookspiros/site/vendor/bundle/ruby/3.4.0/gems/nokogiri-1.18.10/ports/x86_64-linux/libxml2/2.13.9/lib -L/home/spiros/Git_projects/pibookspiros/site/vendor/bundle/ruby/3.4.0/gems/nokogiri-1.18.10/ports/x86_64-linux/libxslt/1.1.43/lib -Wl,-rpath,/home/spiros/Git_projects/pibookspiros/site/vendor/bundle/ruby/3.4.0/gems/nokogiri-1.18.10/ports/x86_64-linux/libxslt/1.1.43/lib -L/home/spiros/Git_projects/pibookspiros/site/vendor/bundle/ruby/3.4.0/gems/nokogiri-1.18.10/ext/nokogiri/ports/x86_64-linux/libgumbo/1.0.0-nokogiri/lib -Wl,-rpath,/home/spiros/Git_projects/pibookspiros/site/vendor/bundle/ruby/3.4.0/gems/nokogiri-1.18.10/ext/nokogiri/ports/x86_64-linux/libgumbo/1.0.0-nokogiri/lib -L. -fstack-protector-strong -rdynamic -Wl,-export-dynamic -Wl,--no-as-needed    /home/spiros/Git_projects/pibookspiros/site/vendor/bundle/ruby/3.4.0/gems/nokogiri-1.18.10/ports/x86_64-linux/libxslt/1.1.43/lib/libexslt.a -lm -lz /home/spiros/Git_projects/pibookspiros/site/vendor/bundle/ruby/3.4.0/gems/nokogiri-1.18.10/ports/x86_64-linux/libxml2/2.13.9/lib/libxml2.a /home/spiros/Git_projects/pibookspiros/site/vendor/bundle/ruby/3.4.0/gems/nokogiri-1.18.10/ports/x86_64-linux/libxslt/1.1.43/lib/libxslt.a -lm -lz /home/spiros/Git_projects/pibookspiros/site/vendor/bundle/ruby/3.4.0/gems/nokogiri-1.18.10/ports/x86_64-linux/libxml2/2.13.9/lib/libxml2.a /home/spiros/Git_projects/pibookspiros/site/vendor/bundle/ruby/3.4.0/gems/nokogiri-1.18.10/ext/nokogiri/ports/x86_64-linux/libgumbo/1.0.0-nokogiri/lib/libgumbo.a -Wl,-rpath,/home/spiros/.rbenv/versions/3.4.2/lib -L/home/spiros/.rbenv/versions/3.4.2/lib -lruby /home/spiros/Git_projects/pibookspiros/site/vendor/bundle/ruby/3.4.0/gems/nokogiri-1.18.10/ports/x86_64-linux/libxslt/1.1.43/lib/libexslt.a -lm -lz /home/spiros/Git_projects/pibookspiros/site/vendor/bundle/ruby/3.4.0/gems/nokogiri-1.18.10/ports/x86_64-linux/libxml2/2.13.9/lib/libxml2.a /home/spiros/Git_projects/pibookspiros/site/vendor/bundle/ruby/3.4.0/gems/nokogiri-1.18.10/ports/x86_64-linux/libxslt/1.1.43/lib/libxslt.a -lm -lz /home/spiros/Git_projects/pibookspiros/site/vendor/bundle/ruby/3.4.0/gems/nokogiri-1.18.10/ports/x86_64-linux/libxml2/2.13.9/lib/libxml2.a /home/spiros/Git_projects/pibookspiros/site/vendor/bundle/ruby/3.4.0/gems/nokogiri-1.18.10/ext/nokogiri/ports/x86_64-linux/libgumbo/1.0.0-nokogiri/lib/libgumbo.a -lm -lpthread  -lc"
/usr/bin/ld: /tmp/ccmiAFfS.o: in function `t':
/home/spiros/Git_projects/pibookspiros/site/vendor/bundle/ruby/3.4.0/gems/nokogiri-1.18.10/ext/nokogiri/conftest.c:15:(.text+0xb): undefined reference to `xmlCtxtGetOptions'
collect2: error: ld returned 1 exit status
checked program was:
/* begin */
 1: #include "ruby.h"
 2: 
 3: /*top*/
 4: extern int t(void);
 5: int main(int argc, char **argv)
 6: {
 7:   if (argc > 1000000) {
 8:     int (* volatile tp)(void)=(int (*)(void))&t;
 9:     printf("%d", (*tp)());
10:   }
11: 
12:   return !!argv[argc];
13: }
14: extern void xmlCtxtGetOptions();
15: int t(void) { xmlCtxtGetOptions(); return 0; }
/* end */

--------------------

have_func: checking for xmlSwitchEncodingName()... -------------------- yes

LD_LIBRARY_PATH=.:/home/spiros/.rbenv/versions/3.4.2/lib ASAN_OPTIONS=detect_leaks=0 "gcc -o conftest -I/home/spiros/.rbenv/versions/3.4.2/include/ruby-3.4.0/x86_64-linux -I/home/spiros/.rbenv/versions/3.4.2/include/ruby-3.4.0/ruby/backward -I/home/spiros/.rbenv/versions/3.4.2/include/ruby-3.4.0 -I. -I/home/spiros/Git_projects/pibookspiros/site/vendor/bundle/ruby/3.4.0/gems/nokogiri-1.18.10/ports/x86_64-linux/libxml2/2.13.9/include/libxml2 -I/home/spiros/Git_projects/pibookspiros/site/vendor/bundle/ruby/3.4.0/gems/nokogiri-1.18.10/ports/x86_64-linux/libxslt/1.1.43/include -I/home/spiros/Git_projects/pibookspiros/site/vendor/bundle/ruby/3.4.0/gems/nokogiri-1.18.10/ports/x86_64-linux/libxml2/2.13.9/include/libxml2    -DNOKOGIRI_PACKAGED_LIBRARIES -DNOKOGIRI_LIBXML2_PATCHES="\"0001-Remove-script-macro-support.patch 0002-Update-entities-to-remove-handling-of-ssi.patch 0009-allow-wildcard-namespaces.patch 0010-update-config.guess-and-config.sub-for-libxml2.patch 0011-rip-out-libxml2-s-libc_single_threaded-support.patch 0019-xpath-Use-separate-static-hash-table-for-standard-fu.patch\"" -DNOKOGIRI_LIBXSLT_PATCHES="\"0001-update-config.guess-and-config.sub-for-libxslt.patch\"" -I/home/spiros/Git_projects/pibookspiros/site/vendor/bundle/ruby/3.4.0/gems/nokogiri-1.18.10/ext/nokogiri/ports/x86_64-linux/libgumbo/1.0.0-nokogiri/include -fstack-protector-strong -U_FORTIFY_SOURCE -D_FORTIFY_SOURCE=2  -O3 -fno-fast-math -ggdb3 -Wall -Wextra -Wdeprecated-declarations -Wdiv-by-zero -Wduplicated-cond -Wimplicit-function-declaration -Wimplicit-int -Wpointer-arith -Wwrite-strings -Wold-style-definition -Wimplicit-fallthrough=0 -Wmissing-noreturn -Wno-cast-function-type -Wno-constant-logical-operand -Wno-long-long -Wno-missing-field-initializers -Wno-overlength-strings -Wno-packed-bitfield-compat -Wno-parentheses-equality -Wno-self-assign -Wno-tautological-compare -Wno-unused-parameter -Wno-unused-value -Wsuggest-attribute=format -Wsuggest-attribute=noreturn -Wunused-variable -Wmisleading-indentation -Wundef  -fPIC -std=c99 -Wno-declaration-after-statement -O2 -g -Winline -Wmissing-noreturn -Wconversion conftest.c -L. -L/home/spiros/.rbenv/versions/3.4.2/lib -Wl,-rpath,/home/spiros/.rbenv/versions/3.4.2/lib -L/home/spiros/Git_projects/pibookspiros/site/vendor/bundle/ruby/3.4.0/gems/nokogiri-1.18.10/ports/x86_64-linux/libxml2/2.13.9/lib -Wl,-rpath,/home/spiros/Git_projects/pibookspiros/site/vendor/bundle/ruby/3.4.0/gems/nokogiri-1.18.10/ports/x86_64-linux/libxml2/2.13.9/lib -L/home/spiros/Git_projects/pibookspiros/site/vendor/bundle/ruby/3.4.0/gems/nokogiri-1.18.10/ports/x86_64-linux/libxslt/1.1.43/lib -Wl,-rpath,/home/spiros/Git_projects/pibookspiros/site/vendor/bundle/ruby/3.4.0/gems/nokogiri-1.18.10/ports/x86_64-linux/libxslt/1.1.43/lib -L/home/spiros/Git_projects/pibookspiros/site/vendor/bundle/ruby/3.4.0/gems/nokogiri-1.18.10/ext/nokogiri/ports/x86_64-linux/libgumbo/1.0.0-nokogiri/lib -Wl,-rpath,/home/spiros/Git_projects/pibookspiros/site/vendor/bundle/ruby/3.4.0/gems/nokogiri-1.18.10/ext/nokogiri/ports/x86_64-linux/libgumbo/1.0.0-nokogiri/lib -L. -fstack-protector-strong -rdynamic -Wl,-export-dynamic -Wl,--no-as-needed    /home/spiros/Git_projects/pibookspiros/site/vendor/bundle/ruby/3.4.0/gems/nokogiri-1.18.10/ports/x86_64-linux/libxslt/1.1.43/lib/libexslt.a -lm -lz /home/spiros/Git_projects/pibookspiros/site/vendor/bundle/ruby/3.4.0/gems/nokogiri-1.18.10/ports/x86_64-linux/libxml2/2.13.9/lib/libxml2.a /home/spiros/Git_projects/pibookspiros/site/vendor/bundle/ruby/3.4.0/gems/nokogiri-1.18.10/ports/x86_64-linux/libxslt/1.1.43/lib/libxslt.a -lm -lz /home/spiros/Git_projects/pibookspiros/site/vendor/bundle/ruby/3.4.0/gems/nokogiri-1.18.10/ports/x86_64-linux/libxml2/2.13.9/lib/libxml2.a /home/spiros/Git_projects/pibookspiros/site/vendor/bundle/ruby/3.4.0/gems/nokogiri-1.18.10/ext/nokogiri/ports/x86_64-linux/libgumbo/1.0.0-nokogiri/lib/libgumbo.a -Wl,-rpath,/home/spiros/.rbenv/versions/3.4.2/lib -L/home/spiros/.rbenv/versions/3.4.2/lib -lruby /home/spiros/Git_projects/pibookspiros/site/vendor/bundle/ruby/3.4.0/gems/nokogiri-1.18.10/ports/x86_64-linux/libxslt/1.1.43/lib/libexslt.a -lm -lz /home/spiros/Git_projects/pibookspiros/site/vendor/bundle/ruby/3.4.0/gems/nokogiri-1.18.10/ports/x86_64-linux/libxml2/2.13.9/lib/libxml2.a /home/spiros/Git_projects/pibookspiros/site/vendor/bundle/ruby/3.4.0/gems/nokogiri-1.18.10/ports/x86_64-linux/libxslt/1.1.43/lib/libxslt.a -lm -lz /home/spiros/Git_projects/pibookspiros/site/vendor/bundle/ruby/3.4.0/gems/nokogiri-1.18.10/ports/x86_64-linux/libxml2/2.13.9/lib/libxml2.a /home/spiros/Git_projects/pibookspiros/site/vendor/bundle/ruby/3.4.0/gems/nokogiri-1.18.10/ext/nokogiri/ports/x86_64-linux/libgumbo/1.0.0-nokogiri/lib/libgumbo.a -lm -lpthread  -lc"
conftest.c: In function ‘t’:
conftest.c:14:57: error: ‘xmlSwitchEncodingName’ undeclared (first use in this function)
   14 | int t(void) { void ((*volatile p)()); p = (void ((*)()))xmlSwitchEncodingName; return !p; }
      |                                                         ^~~~~~~~~~~~~~~~~~~~~
conftest.c:14:57: note: each undeclared identifier is reported only once for each function it appears in
At top level:
cc1: note: unrecognized command-line option ‘-Wno-self-assign’ may have been intended to silence earlier diagnostics
cc1: note: unrecognized command-line option ‘-Wno-parentheses-equality’ may have been intended to silence earlier diagnostics
cc1: note: unrecognized command-line option ‘-Wno-constant-logical-operand’ may have been intended to silence earlier diagnostics
checked program was:
/* begin */
 1: #include "ruby.h"
 2: 
 3: /*top*/
 4: extern int t(void);
 5: int main(int argc, char **argv)
 6: {
 7:   if (argc > 1000000) {
 8:     int (* volatile tp)(void)=(int (*)(void))&t;
 9:     printf("%d", (*tp)());
10:   }
11: 
12:   return !!argv[argc];
13: }
14: int t(void) { void ((*volatile p)()); p = (void ((*)()))xmlSwitchEncodingName; return !p; }
/* end */

LD_LIBRARY_PATH=.:/home/spiros/.rbenv/versions/3.4.2/lib ASAN_OPTIONS=detect_leaks=0 "gcc -o conftest -I/home/spiros/.rbenv/versions/3.4.2/include/ruby-3.4.0/x86_64-linux -I/home/spiros/.rbenv/versions/3.4.2/include/ruby-3.4.0/ruby/backward -I/home/spiros/.rbenv/versions/3.4.2/include/ruby-3.4.0 -I. -I/home/spiros/Git_projects/pibookspiros/site/vendor/bundle/ruby/3.4.0/gems/nokogiri-1.18.10/ports/x86_64-linux/libxml2/2.13.9/include/libxml2 -I/home/spiros/Git_projects/pibookspiros/site/vendor/bundle/ruby/3.4.0/gems/nokogiri-1.18.10/ports/x86_64-linux/libxslt/1.1.43/include -I/home/spiros/Git_projects/pibookspiros/site/vendor/bundle/ruby/3.4.0/gems/nokogiri-1.18.10/ports/x86_64-linux/libxml2/2.13.9/include/libxml2    -DNOKOGIRI_PACKAGED_LIBRARIES -DNOKOGIRI_LIBXML2_PATCHES="\"0001-Remove-script-macro-support.patch 0002-Update-entities-to-remove-handling-of-ssi.patch 0009-allow-wildcard-namespaces.patch 0010-update-config.guess-and-config.sub-for-libxml2.patch 0011-rip-out-libxml2-s-libc_single_threaded-support.patch 0019-xpath-Use-separate-static-hash-table-for-standard-fu.patch\"" -DNOKOGIRI_LIBXSLT_PATCHES="\"0001-update-config.guess-and-config.sub-for-libxslt.patch\"" -I/home/spiros/Git_projects/pibookspiros/site/vendor/bundle/ruby/3.4.0/gems/nokogiri-1.18.10/ext/nokogiri/ports/x86_64-linux/libgumbo/1.0.0-nokogiri/include -fstack-protector-strong -U_FORTIFY_SOURCE -D_FORTIFY_SOURCE=2  -O3 -fno-fast-math -ggdb3 -Wall -Wextra -Wdeprecated-declarations -Wdiv-by-zero -Wduplicated-cond -Wimplicit-function-declaration -Wimplicit-int -Wpointer-arith -Wwrite-strings -Wold-style-definition -Wimplicit-fallthrough=0 -Wmissing-noreturn -Wno-cast-function-type -Wno-constant-logical-operand -Wno-long-long -Wno-missing-field-initializers -Wno-overlength-strings -Wno-packed-bitfield-compat -Wno-parentheses-equality -Wno-self-assign -Wno-tautological-compare -Wno-unused-parameter -Wno-unused-value -Wsuggest-attribute=format -Wsuggest-attribute=noreturn -Wunused-variable -Wmisleading-indentation -Wundef  -fPIC -std=c99 -Wno-declaration-after-statement -O2 -g -Winline -Wmissing-noreturn -Wconversion conftest.c -L. -L/home/spiros/.rbenv/versions/3.4.2/lib -Wl,-rpath,/home/spiros/.rbenv/versions/3.4.2/lib -L/home/spiros/Git_projects/pibookspiros/site/vendor/bundle/ruby/3.4.0/gems/nokogiri-1.18.10/ports/x86_64-linux/libxml2/2.13.9/lib -Wl,-rpath,/home/spiros/Git_projects/pibookspiros/site/vendor/bundle/ruby/3.4.0/gems/nokogiri-1.18.10/ports/x86_64-linux/libxml2/2.13.9/lib -L/home/spiros/Git_projects/pibookspiros/site/vendor/bundle/ruby/3.4.0/gems/nokogiri-1.18.10/ports/x86_64-linux/libxslt/1.1.43/lib -Wl,-rpath,/home/spiros/Git_projects/pibookspiros/site/vendor/bundle/ruby/3.4.0/gems/nokogiri-1.18.10/ports/x86_64-linux/libxslt/1.1.43/lib -L/home/spiros/Git_projects/pibookspiros/site/vendor/bundle/ruby/3.4.0/gems/nokogiri-1.18.10/ext/nokogiri/ports/x86_64-linux/libgumbo/1.0.0-nokogiri/lib -Wl,-rpath,/home/spiros/Git_projects/pibookspiros/site/vendor/bundle/ruby/3.4.0/gems/nokogiri-1.18.10/ext/nokogiri/ports/x86_64-linux/libgumbo/1.0.0-nokogiri/lib -L. -fstack-protector-strong -rdynamic -Wl,-export-dynamic -Wl,--no-as-needed    /home/spiros/Git_projects/pibookspiros/site/vendor/bundle/ruby/3.4.0/gems/nokogiri-1.18.10/ports/x86_64-linux/libxslt/1.1.43/lib/libexslt.a -lm -lz /home/spiros/Git_projects/pibookspiros/site/vendor/bundle/ruby/3.4.0/gems/nokogiri-1.18.10/ports/x86_64-linux/libxml2/2.13.9/lib/libxml2.a /home/spiros/Git_projects/pibookspiros/site/vendor/bundle/ruby/3.4.0/gems/nokogiri-1.18.10/ports/x86_64-linux/libxslt/1.1.43/lib/libxslt.a -lm -lz /home/spiros/Git_projects/pibookspiros/site/vendor/bundle/ruby/3.4.0/gems/nokogiri-1.18.10/ports/x86_64-linux/libxml2/2.13.9/lib/libxml2.a /home/spiros/Git_projects/pibookspiros/site/vendor/bundle/ruby/3.4.0/gems/nokogiri-1.18.10/ext/nokogiri/ports/x86_64-linux/libgumbo/1.0.0-nokogiri/lib/libgumbo.a -Wl,-rpath,/home/spiros/.rbenv/versions/3.4.2/lib -L/home/spiros/.rbenv/versions/3.4.2/lib -lruby /home/spiros/Git_projects/pibookspiros/site/vendor/bundle/ruby/3.4.0/gems/nokogiri-1.18.10/ports/x86_64-linux/libxslt/1.1.43/lib/libexslt.a -lm -lz /home/spiros/Git_projects/pibookspiros/site/vendor/bundle/ruby/3.4.0/gems/nokogiri-1.18.10/ports/x86_64-linux/libxml2/2.13.9/lib/libxml2.a /home/spiros/Git_projects/pibookspiros/site/vendor/bundle/ruby/3.4.0/gems/nokogiri-1.18.10/ports/x86_64-linux/libxslt/1.1.43/lib/libxslt.a -lm -lz /home/spiros/Git_projects/pibookspiros/site/vendor/bundle/ruby/3.4.0/gems/nokogiri-1.18.10/ports/x86_64-linux/libxml2/2.13.9/lib/libxml2.a /home/spiros/Git_projects/pibookspiros/site/vendor/bundle/ruby/3.4.0/gems/nokogiri-1.18.10/ext/nokogiri/ports/x86_64-linux/libgumbo/1.0.0-nokogiri/lib/libgumbo.a -lm -lpthread  -lc"
checked program was:
/* begin */
 1: #include "ruby.h"
 2: 
 3: /*top*/
 4: extern int t(void);
 5: int main(int argc, char **argv)
 6: {
 7:   if (argc > 1000000) {
 8:     int (* volatile tp)(void)=(int (*)(void))&t;
 9:     printf("%d", (*tp)());
10:   }
11: 
12:   return !!argv[argc];
13: }
14: extern void xmlSwitchEncodingName();
15: int t(void) { xmlSwitchEncodingName(); return 0; }
/* end */

--------------------

have_func: checking for rb_category_warning()... -------------------- yes

LD_LIBRARY_PATH=.:/home/spiros/.rbenv/versions/3.4.2/lib ASAN_OPTIONS=detect_leaks=0 "gcc -o conftest -I/home/spiros/.rbenv/versions/3.4.2/include/ruby-3.4.0/x86_64-linux -I/home/spiros/.rbenv/versions/3.4.2/include/ruby-3.4.0/ruby/backward -I/home/spiros/.rbenv/versions/3.4.2/include/ruby-3.4.0 -I. -I/home/spiros/Git_projects/pibookspiros/site/vendor/bundle/ruby/3.4.0/gems/nokogiri-1.18.10/ports/x86_64-linux/libxml2/2.13.9/include/libxml2 -I/home/spiros/Git_projects/pibookspiros/site/vendor/bundle/ruby/3.4.0/gems/nokogiri-1.18.10/ports/x86_64-linux/libxslt/1.1.43/include -I/home/spiros/Git_projects/pibookspiros/site/vendor/bundle/ruby/3.4.0/gems/nokogiri-1.18.10/ports/x86_64-linux/libxml2/2.13.9/include/libxml2    -DNOKOGIRI_PACKAGED_LIBRARIES -DNOKOGIRI_LIBXML2_PATCHES="\"0001-Remove-script-macro-support.patch 0002-Update-entities-to-remove-handling-of-ssi.patch 0009-allow-wildcard-namespaces.patch 0010-update-config.guess-and-config.sub-for-libxml2.patch 0011-rip-out-libxml2-s-libc_single_threaded-support.patch 0019-xpath-Use-separate-static-hash-table-for-standard-fu.patch\"" -DNOKOGIRI_LIBXSLT_PATCHES="\"0001-update-config.guess-and-config.sub-for-libxslt.patch\"" -I/home/spiros/Git_projects/pibookspiros/site/vendor/bundle/ruby/3.4.0/gems/nokogiri-1.18.10/ext/nokogiri/ports/x86_64-linux/libgumbo/1.0.0-nokogiri/include -fstack-protector-strong -U_FORTIFY_SOURCE -D_FORTIFY_SOURCE=2  -O3 -fno-fast-math -ggdb3 -Wall -Wextra -Wdeprecated-declarations -Wdiv-by-zero -Wduplicated-cond -Wimplicit-function-declaration -Wimplicit-int -Wpointer-arith -Wwrite-strings -Wold-style-definition -Wimplicit-fallthrough=0 -Wmissing-noreturn -Wno-cast-function-type -Wno-constant-logical-operand -Wno-long-long -Wno-missing-field-initializers -Wno-overlength-strings -Wno-packed-bitfield-compat -Wno-parentheses-equality -Wno-self-assign -Wno-tautological-compare -Wno-unused-parameter -Wno-unused-value -Wsuggest-attribute=format -Wsuggest-attribute=noreturn -Wunused-variable -Wmisleading-indentation -Wundef  -fPIC -std=c99 -Wno-declaration-after-statement -O2 -g -Winline -Wmissing-noreturn -Wconversion conftest.c -L. -L/home/spiros/.rbenv/versions/3.4.2/lib -Wl,-rpath,/home/spiros/.rbenv/versions/3.4.2/lib -L/home/spiros/Git_projects/pibookspiros/site/vendor/bundle/ruby/3.4.0/gems/nokogiri-1.18.10/ports/x86_64-linux/libxml2/2.13.9/lib -Wl,-rpath,/home/spiros/Git_projects/pibookspiros/site/vendor/bundle/ruby/3.4.0/gems/nokogiri-1.18.10/ports/x86_64-linux/libxml2/2.13.9/lib -L/home/spiros/Git_projects/pibookspiros/site/vendor/bundle/ruby/3.4.0/gems/nokogiri-1.18.10/ports/x86_64-linux/libxslt/1.1.43/lib -Wl,-rpath,/home/spiros/Git_projects/pibookspiros/site/vendor/bundle/ruby/3.4.0/gems/nokogiri-1.18.10/ports/x86_64-linux/libxslt/1.1.43/lib -L/home/spiros/Git_projects/pibookspiros/site/vendor/bundle/ruby/3.4.0/gems/nokogiri-1.18.10/ext/nokogiri/ports/x86_64-linux/libgumbo/1.0.0-nokogiri/lib -Wl,-rpath,/home/spiros/Git_projects/pibookspiros/site/vendor/bundle/ruby/3.4.0/gems/nokogiri-1.18.10/ext/nokogiri/ports/x86_64-linux/libgumbo/1.0.0-nokogiri/lib -L. -fstack-protector-strong -rdynamic -Wl,-export-dynamic -Wl,--no-as-needed    /home/spiros/Git_projects/pibookspiros/site/vendor/bundle/ruby/3.4.0/gems/nokogiri-1.18.10/ports/x86_64-linux/libxslt/1.1.43/lib/libexslt.a -lm -lz /home/spiros/Git_projects/pibookspiros/site/vendor/bundle/ruby/3.4.0/gems/nokogiri-1.18.10/ports/x86_64-linux/libxml2/2.13.9/lib/libxml2.a /home/spiros/Git_projects/pibookspiros/site/vendor/bundle/ruby/3.4.0/gems/nokogiri-1.18.10/ports/x86_64-linux/libxslt/1.1.43/lib/libxslt.a -lm -lz /home/spiros/Git_projects/pibookspiros/site/vendor/bundle/ruby/3.4.0/gems/nokogiri-1.18.10/ports/x86_64-linux/libxml2/2.13.9/lib/libxml2.a /home/spiros/Git_projects/pibookspiros/site/vendor/bundle/ruby/3.4.0/gems/nokogiri-1.18.10/ext/nokogiri/ports/x86_64-linux/libgumbo/1.0.0-nokogiri/lib/libgumbo.a -Wl,-rpath,/home/spiros/.rbenv/versions/3.4.2/lib -L/home/spiros/.rbenv/versions/3.4.2/lib -lruby /home/spiros/Git_projects/pibookspiros/site/vendor/bundle/ruby/3.4.0/gems/nokogiri-1.18.10/ports/x86_64-linux/libxslt/1.1.43/lib/libexslt.a -lm -lz /home/spiros/Git_projects/pibookspiros/site/vendor/bundle/ruby/3.4.0/gems/nokogiri-1.18.10/ports/x86_64-linux/libxml2/2.13.9/lib/libxml2.a /home/spiros/Git_projects/pibookspiros/site/vendor/bundle/ruby/3.4.0/gems/nokogiri-1.18.10/ports/x86_64-linux/libxslt/1.1.43/lib/libxslt.a -lm -lz /home/spiros/Git_projects/pibookspiros/site/vendor/bundle/ruby/3.4.0/gems/nokogiri-1.18.10/ports/x86_64-linux/libxml2/2.13.9/lib/libxml2.a /home/spiros/Git_projects/pibookspiros/site/vendor/bundle/ruby/3.4.0/gems/nokogiri-1.18.10/ext/nokogiri/ports/x86_64-linux/libgumbo/1.0.0-nokogiri/lib/libgumbo.a -lm -lpthread  -lc"
checked program was:
/* begin */
 1: #include "ruby.h"
 2: 
 3: /*top*/
 4: extern int t(void);
 5: int main(int argc, char **argv)
 6: {
 7:   if (argc > 1000000) {
 8:     int (* volatile tp)(void)=(int (*)(void))&t;
 9:     printf("%d", (*tp)());
10:   }
11: 
12:   return !!argv[argc];
13: }
14: int t(void) { void ((*volatile p)()); p = (void ((*)()))rb_category_warning; return !p; }
/* end */

--------------------

append_cppflags: checking for whether -DNOKOGIRI_OTHER_LIBRARY_VERSIONS="\"libgumbo:1.0.0-nokogiri\"" is accepted as CPPFLAGS... -------------------- yes

LD_LIBRARY_PATH=.:/home/spiros/.rbenv/versions/3.4.2/lib ASAN_OPTIONS=detect_leaks=0 "gcc -I/home/spiros/.rbenv/versions/3.4.2/include/ruby-3.4.0/x86_64-linux -I/home/spiros/.rbenv/versions/3.4.2/include/ruby-3.4.0/ruby/backward -I/home/spiros/.rbenv/versions/3.4.2/include/ruby-3.4.0 -I. -I/home/spiros/Git_projects/pibookspiros/site/vendor/bundle/ruby/3.4.0/gems/nokogiri-1.18.10/ports/x86_64-linux/libxml2/2.13.9/include/libxml2 -I/home/spiros/Git_projects/pibookspiros/site/vendor/bundle/ruby/3.4.0/gems/nokogiri-1.18.10/ports/x86_64-linux/libxslt/1.1.43/include -I/home/spiros/Git_projects/pibookspiros/site/vendor/bundle/ruby/3.4.0/gems/nokogiri-1.18.10/ports/x86_64-linux/libxml2/2.13.9/include/libxml2    -DNOKOGIRI_PACKAGED_LIBRARIES -DNOKOGIRI_LIBXML2_PATCHES="\"0001-Remove-script-macro-support.patch 0002-Update-entities-to-remove-handling-of-ssi.patch 0009-allow-wildcard-namespaces.patch 0010-update-config.guess-and-config.sub-for-libxml2.patch 0011-rip-out-libxml2-s-libc_single_threaded-support.patch 0019-xpath-Use-separate-static-hash-table-for-standard-fu.patch\"" -DNOKOGIRI_LIBXSLT_PATCHES="\"0001-update-config.guess-and-config.sub-for-libxslt.patch\"" -I/home/spiros/Git_projects/pibookspiros/site/vendor/bundle/ruby/3.4.0/gems/nokogiri-1.18.10/ext/nokogiri/ports/x86_64-linux/libgumbo/1.0.0-nokogiri/include -fstack-protector-strong -U_FORTIFY_SOURCE -D_FORTIFY_SOURCE=2  -O3 -fno-fast-math -ggdb3 -Wall -Wextra -Wdeprecated-declarations -Wdiv-by-zero -Wduplicated-cond -Wimplicit-function-declaration -Wimplicit-int -Wpointer-arith -Wwrite-strings -Wold-style-definition -Wimplicit-fallthrough=0 -Wmissing-noreturn -Wno-cast-function-type -Wno-constant-logical-operand -Wno-long-long -Wno-missing-field-initializers -Wno-overlength-strings -Wno-packed-bitfield-compat -Wno-parentheses-equality -Wno-self-assign -Wno-tautological-compare -Wno-unused-parameter -Wno-unused-value -Wsuggest-attribute=format -Wsuggest-attribute=noreturn -Wunused-variable -Wmisleading-indentation -Wundef  -fPIC -std=c99 -Wno-declaration-after-statement -O2 -g -Winline -Wmissing-noreturn -Wconversion  -DNOKOGIRI_OTHER_LIBRARY_VERSIONS="\"libgumbo:1.0.0-nokogiri\"" -Werror -c conftest.c"
checked program was:
/* begin */
1: #include "ruby.h"
2: 
3: int main(int argc, char **argv)
4: {
5:   return !!argv[argc];
6: }
/* end */

--------------------

